[
  {
    "name": "benchmark/imdb/01a.benchmark",
    "iteration": 0,
  },
  {
    "name": "benchmark/imdb/01a.benchmark",
    "iteration": 1,
    "result": "correct",
    "time": 0.0818045,
  },
  {
    "name": "benchmark/imdb/01a.benchmark",
    "iteration": 2,
    "result": "correct",
    "time": 0.0815317,
  },
  {
    "name": "benchmark/imdb/01a.benchmark",
    "iteration": 3,
    "result": "correct",
    "time": 0.082285,
  },
  {
    "name": "benchmark/imdb/01a.benchmark",
    "iteration": 4,
    "result": "correct",
    "time": 0.0812384,
  },
  {
    "name": "benchmark/imdb/01a.benchmark",
    "iteration": 5,
    "result": "correct",
    "time": 0.0828721,
  },
  {
    "name": "benchmark/imdb/01b.benchmark",
    "iteration": 0,
  },
  {
    "name": "benchmark/imdb/01b.benchmark",
    "iteration": 1,
    "result": "correct",
    "time": 0.0503705,
  },
  {
    "name": "benchmark/imdb/01b.benchmark",
    "iteration": 2,
    "result": "correct",
    "time": 0.0480331,
  },
  {
    "name": "benchmark/imdb/01b.benchmark",
    "iteration": 3,
    "result": "correct",
    "time": 0.048692,
  },
  {
    "name": "benchmark/imdb/01b.benchmark",
    "iteration": 4,
    "result": "correct",
    "time": 0.0480778,
  },
  {
    "name": "benchmark/imdb/01b.benchmark",
    "iteration": 5,
    "result": "correct",
    "time": 0.0477488,
  },
  {
    "name": "benchmark/imdb/01c.benchmark",
    "iteration": 0,
  },
  {
    "name": "benchmark/imdb/01c.benchmark",
    "iteration": 1,
    "result": "correct",
    "time": 0.0429315,
  },
  {
    "name": "benchmark/imdb/01c.benchmark",
    "iteration": 2,
    "result": "correct",
    "time": 0.0442686,
  },
  {
    "name": "benchmark/imdb/01c.benchmark",
    "iteration": 3,
    "result": "correct",
    "time": 0.0435209,
  },
  {
    "name": "benchmark/imdb/01c.benchmark",
    "iteration": 4,
    "result": "correct",
    "time": 0.0439871,
  },
  {
    "name": "benchmark/imdb/01c.benchmark",
    "iteration": 5,
    "result": "correct",
    "time": 0.041753,
  },
  {
    "name": "benchmark/imdb/01d.benchmark",
    "iteration": 0,
  },
  {
    "name": "benchmark/imdb/01d.benchmark",
    "iteration": 1,
    "result": "correct",
    "time": 0.0530679,
  },
  {
    "name": "benchmark/imdb/01d.benchmark",
    "iteration": 2,
    "result": "correct",
    "time": 0.0523788,
  },
  {
    "name": "benchmark/imdb/01d.benchmark",
    "iteration": 3,
    "result": "correct",
    "time": 0.0532545,
  },
  {
    "name": "benchmark/imdb/01d.benchmark",
    "iteration": 4,
    "result": "correct",
    "time": 0.0538964,
  },
  {
    "name": "benchmark/imdb/01d.benchmark",
    "iteration": 5,
    "result": "correct",
    "time": 0.0516949,
  },
  {
    "name": "benchmark/imdb/02a.benchmark",
    "iteration": 0,
  },
  {
    "name": "benchmark/imdb/02a.benchmark",
    "iteration": 1,
    "result": "correct",
    "time": 0.192852,
  },
  {
    "name": "benchmark/imdb/02a.benchmark",
    "iteration": 2,
    "result": "correct",
    "time": 0.192652,
  },
  {
    "name": "benchmark/imdb/02a.benchmark",
    "iteration": 3,
    "result": "correct",
    "time": 0.189834,
  },
  {
    "name": "benchmark/imdb/02a.benchmark",
    "iteration": 4,
    "result": "correct",
    "time": 0.187411,
  },
  {
    "name": "benchmark/imdb/02a.benchmark",
    "iteration": 5,
    "result": "correct",
    "time": 0.188535,
  },
  {
    "name": "benchmark/imdb/02b.benchmark",
    "iteration": 0,
  },
  {
    "name": "benchmark/imdb/02b.benchmark",
    "iteration": 1,
    "result": "correct",
    "time": 0.185363,
  },
  {
    "name": "benchmark/imdb/02b.benchmark",
    "iteration": 2,
    "result": "correct",
    "time": 0.183477,
  },
  {
    "name": "benchmark/imdb/02b.benchmark",
    "iteration": 3,
    "result": "correct",
    "time": 0.183257,
  },
  {
    "name": "benchmark/imdb/02b.benchmark",
    "iteration": 4,
    "result": "correct",
    "time": 0.183306,
  },
  {
    "name": "benchmark/imdb/02b.benchmark",
    "iteration": 5,
    "result": "correct",
    "time": 0.182413,
  },
  {
    "name": "benchmark/imdb/02c.benchmark",
    "iteration": 0,
  },
  {
    "name": "benchmark/imdb/02c.benchmark",
    "iteration": 1,
    "result": "correct",
    "time": 0.0666847,
  },
  {
    "name": "benchmark/imdb/02c.benchmark",
    "iteration": 2,
    "result": "correct",
    "time": 0.0676889,
  },
  {
    "name": "benchmark/imdb/02c.benchmark",
    "iteration": 3,
    "result": "correct",
    "time": 0.0650183,
  },
  {
    "name": "benchmark/imdb/02c.benchmark",
    "iteration": 4,
    "result": "correct",
    "time": 0.0653058,
  },
  {
    "name": "benchmark/imdb/02c.benchmark",
    "iteration": 5,
    "result": "correct",
    "time": 0.0645556,
  },
  {
    "name": "benchmark/imdb/02d.benchmark",
    "iteration": 0,
  },
  {
    "name": "benchmark/imdb/02d.benchmark",
    "iteration": 1,
    "result": "correct",
    "time": 0.202344,
  },
  {
    "name": "benchmark/imdb/02d.benchmark",
    "iteration": 2,
    "result": "correct",
    "time": 0.199813,
  },
  {
    "name": "benchmark/imdb/02d.benchmark",
    "iteration": 3,
    "result": "correct",
    "time": 0.199543,
  },
  {
    "name": "benchmark/imdb/02d.benchmark",
    "iteration": 4,
    "result": "correct",
    "time": 0.198875,
  },
  {
    "name": "benchmark/imdb/02d.benchmark",
    "iteration": 5,
    "result": "correct",
    "time": 0.201386,
  },
  {
    "name": "benchmark/imdb/03a.benchmark",
    "iteration": 0,
  },
  {
    "name": "benchmark/imdb/03a.benchmark",
    "iteration": 1,
    "result": "correct",
    "time": 0.798635,
  },
  {
    "name": "benchmark/imdb/03a.benchmark",
    "iteration": 2,
    "result": "correct",
    "time": 0.789158,
  },
  {
    "name": "benchmark/imdb/03a.benchmark",
    "iteration": 3,
    "result": "correct",
    "time": 0.797611,
  },
  {
    "name": "benchmark/imdb/03a.benchmark",
    "iteration": 4,
    "result": "correct",
    "time": 0.789859,
  },
  {
    "name": "benchmark/imdb/03a.benchmark",
    "iteration": 5,
    "result": "correct",
    "time": 0.785538,
  },
  {
    "name": "benchmark/imdb/03b.benchmark",
    "iteration": 0,
  },
  {
    "name": "benchmark/imdb/03b.benchmark",
    "iteration": 1,
    "result": "correct",
    "time": 0.335643,
  },
  {
    "name": "benchmark/imdb/03b.benchmark",
    "iteration": 2,
    "result": "correct",
    "time": 0.333652,
  },
  {
    "name": "benchmark/imdb/03b.benchmark",
    "iteration": 3,
    "result": "correct",
    "time": 0.334299,
  },
  {
    "name": "benchmark/imdb/03b.benchmark",
    "iteration": 4,
    "result": "correct",
    "time": 0.333565,
  },
  {
    "name": "benchmark/imdb/03b.benchmark",
    "iteration": 5,
    "result": "correct",
    "time": 0.333532,
  },
  {
    "name": "benchmark/imdb/03c.benchmark",
    "iteration": 0,
  },
  {
    "name": "benchmark/imdb/03c.benchmark",
    "iteration": 1,
    "result": "correct",
    "time": 0.955866,
  },
  {
    "name": "benchmark/imdb/03c.benchmark",
    "iteration": 2,
    "result": "correct",
    "time": 0.960565,
  },
  {
    "name": "benchmark/imdb/03c.benchmark",
    "iteration": 3,
    "result": "correct",
    "time": 0.95501,
  },
  {
    "name": "benchmark/imdb/03c.benchmark",
    "iteration": 4,
    "result": "correct",
    "time": 0.936786,
  },
  {
    "name": "benchmark/imdb/03c.benchmark",
    "iteration": 5,
    "result": "correct",
    "time": 0.940878,
  },
  {
    "name": "benchmark/imdb/04a.benchmark",
    "iteration": 0,
  },
  {
    "name": "benchmark/imdb/04a.benchmark",
    "iteration": 1,
    "result": "correct",
    "time": 0.304219,
  },
  {
    "name": "benchmark/imdb/04a.benchmark",
    "iteration": 2,
    "result": "correct",
    "time": 0.301487,
  },
  {
    "name": "benchmark/imdb/04a.benchmark",
    "iteration": 3,
    "result": "correct",
    "time": 0.301152,
  },
  {
    "name": "benchmark/imdb/04a.benchmark",
    "iteration": 4,
    "result": "correct",
    "time": 0.302131,
  },
  {
    "name": "benchmark/imdb/04a.benchmark",
    "iteration": 5,
    "result": "correct",
    "time": 0.300777,
  },
  {
    "name": "benchmark/imdb/04b.benchmark",
    "iteration": 0,
  },
  {
    "name": "benchmark/imdb/04b.benchmark",
    "iteration": 1,
    "result": "correct",
    "time": 0.123629,
  },
  {
    "name": "benchmark/imdb/04b.benchmark",
    "iteration": 2,
    "result": "correct",
    "time": 0.123379,
  },
  {
    "name": "benchmark/imdb/04b.benchmark",
    "iteration": 3,
    "result": "correct",
    "time": 0.12513,
  },
  {
    "name": "benchmark/imdb/04b.benchmark",
    "iteration": 4,
    "result": "correct",
    "time": 0.125587,
  },
  {
    "name": "benchmark/imdb/04b.benchmark",
    "iteration": 5,
    "result": "correct",
    "time": 0.123257,
  },
  {
    "name": "benchmark/imdb/04c.benchmark",
    "iteration": 0,
  },
  {
    "name": "benchmark/imdb/04c.benchmark",
    "iteration": 1,
    "result": "correct",
    "time": 0.498687,
  },
  {
    "name": "benchmark/imdb/04c.benchmark",
    "iteration": 2,
    "result": "correct",
    "time": 0.500829,
  },
  {
    "name": "benchmark/imdb/04c.benchmark",
    "iteration": 3,
    "result": "correct",
    "time": 0.500278,
  },
  {
    "name": "benchmark/imdb/04c.benchmark",
    "iteration": 4,
    "result": "correct",
    "time": 0.498985,
  },
  {
    "name": "benchmark/imdb/04c.benchmark",
    "iteration": 5,
    "result": "correct",
    "time": 0.502025,
  },
  {
    "name": "benchmark/imdb/05a.benchmark",
    "iteration": 0,
  },
  {
    "name": "benchmark/imdb/05a.benchmark",
    "iteration": 1,
    "result": "correct",
    "time": 0.191583,
  },
  {
    "name": "benchmark/imdb/05a.benchmark",
    "iteration": 2,
    "result": "correct",
    "time": 0.192678,
  },
  {
    "name": "benchmark/imdb/05a.benchmark",
    "iteration": 3,
    "result": "correct",
    "time": 0.192977,
  },
  {
    "name": "benchmark/imdb/05a.benchmark",
    "iteration": 4,
    "result": "correct",
    "time": 0.194176,
  },
  {
    "name": "benchmark/imdb/05a.benchmark",
    "iteration": 5,
    "result": "correct",
    "time": 0.192414,
  },
  {
    "name": "benchmark/imdb/05b.benchmark",
    "iteration": 0,
  },
  {
    "name": "benchmark/imdb/05b.benchmark",
    "iteration": 1,
    "result": "correct",
    "time": 0.16596,
  },
  {
    "name": "benchmark/imdb/05b.benchmark",
    "iteration": 2,
    "result": "correct",
    "time": 0.160414,
  },
  {
    "name": "benchmark/imdb/05b.benchmark",
    "iteration": 3,
    "result": "correct",
    "time": 0.163357,
  },
  {
    "name": "benchmark/imdb/05b.benchmark",
    "iteration": 4,
    "result": "correct",
    "time": 0.164227,
  },
  {
    "name": "benchmark/imdb/05b.benchmark",
    "iteration": 5,
    "result": "correct",
    "time": 0.163952,
  },
  {
    "name": "benchmark/imdb/05c.benchmark",
    "iteration": 0,
  },
  {
    "name": "benchmark/imdb/05c.benchmark",
    "iteration": 1,
    "result": "correct",
    "time": 0.919177,
  },
  {
    "name": "benchmark/imdb/05c.benchmark",
    "iteration": 2,
    "result": "correct",
    "time": 0.907148,
  },
  {
    "name": "benchmark/imdb/05c.benchmark",
    "iteration": 3,
    "result": "correct",
    "time": 0.906857,
  },
  {
    "name": "benchmark/imdb/05c.benchmark",
    "iteration": 4,
    "result": "correct",
    "time": 0.90726,
  },
  {
    "name": "benchmark/imdb/05c.benchmark",
    "iteration": 5,
    "result": "correct",
    "time": 0.906343,
  },
  {
    "name": "benchmark/imdb/06a.benchmark",
    "iteration": 0,
  },
  {
    "name": "benchmark/imdb/06a.benchmark",
    "iteration": 1,
    "result": "correct",
    "time": 0.594945,
  },
  {
    "name": "benchmark/imdb/06a.benchmark",
    "iteration": 2,
    "result": "correct",
    "time": 0.604951,
  },
  {
    "name": "benchmark/imdb/06a.benchmark",
    "iteration": 3,
    "result": "correct",
    "time": 0.600649,
  },
  {
    "name": "benchmark/imdb/06a.benchmark",
    "iteration": 4,
    "result": "correct",
    "time": 0.599377,
  },
  {
    "name": "benchmark/imdb/06a.benchmark",
    "iteration": 5,
    "result": "correct",
    "time": 0.598313,
  },
  {
    "name": "benchmark/imdb/06b.benchmark",
    "iteration": 0,
  },
  {
    "name": "benchmark/imdb/06b.benchmark",
    "iteration": 1,
    "result": "correct",
    "time": 0.283714,
  },
  {
    "name": "benchmark/imdb/06b.benchmark",
    "iteration": 2,
    "result": "correct",
    "time": 0.282999,
  },
  {
    "name": "benchmark/imdb/06b.benchmark",
    "iteration": 3,
    "result": "correct",
    "time": 0.283313,
  },
  {
    "name": "benchmark/imdb/06b.benchmark",
    "iteration": 4,
    "result": "correct",
    "time": 0.283575,
  },
  {
    "name": "benchmark/imdb/06b.benchmark",
    "iteration": 5,
    "result": "correct",
    "time": 0.287885,
  },
  {
    "name": "benchmark/imdb/06c.benchmark",
    "iteration": 0,
  },
  {
    "name": "benchmark/imdb/06c.benchmark",
    "iteration": 1,
    "result": "correct",
    "time": 0.33092,
  },
  {
    "name": "benchmark/imdb/06c.benchmark",
    "iteration": 2,
    "result": "correct",
    "time": 0.325363,
  },
  {
    "name": "benchmark/imdb/06c.benchmark",
    "iteration": 3,
    "result": "correct",
    "time": 0.331197,
  },
  {
    "name": "benchmark/imdb/06c.benchmark",
    "iteration": 4,
    "result": "correct",
    "time": 0.324522,
  },
  {
    "name": "benchmark/imdb/06c.benchmark",
    "iteration": 5,
    "result": "correct",
    "time": 0.32493,
  },
  {
    "name": "benchmark/imdb/06d.benchmark",
    "iteration": 0,
  },
  {
    "name": "benchmark/imdb/06d.benchmark",
    "iteration": 1,
    "result": "correct",
    "time": 0.484934,
  },
  {
    "name": "benchmark/imdb/06d.benchmark",
    "iteration": 2,
    "result": "correct",
    "time": 0.484501,
  },
  {
    "name": "benchmark/imdb/06d.benchmark",
    "iteration": 3,
    "result": "correct",
    "time": 0.491251,
  },
  {
    "name": "benchmark/imdb/06d.benchmark",
    "iteration": 4,
    "result": "correct",
    "time": 0.485188,
  },
  {
    "name": "benchmark/imdb/06d.benchmark",
    "iteration": 5,
    "result": "correct",
    "time": 0.485107,
  },
  {
    "name": "benchmark/imdb/06e.benchmark",
    "iteration": 0,
  },
  {
    "name": "benchmark/imdb/06e.benchmark",
    "iteration": 1,
    "result": "correct",
    "time": 0.617604,
  },
  {
    "name": "benchmark/imdb/06e.benchmark",
    "iteration": 2,
    "result": "correct",
    "time": 0.617045,
  },
  {
    "name": "benchmark/imdb/06e.benchmark",
    "iteration": 3,
    "result": "correct",
    "time": 0.620768,
  },
  {
    "name": "benchmark/imdb/06e.benchmark",
    "iteration": 4,
    "result": "correct",
    "time": 0.620775,
  },
  {
    "name": "benchmark/imdb/06e.benchmark",
    "iteration": 5,
    "result": "correct",
    "time": 0.619205,
  },
  {
    "name": "benchmark/imdb/06f.benchmark",
    "iteration": 0,
  },
  {
    "name": "benchmark/imdb/06f.benchmark",
    "iteration": 1,
    "result": "correct",
    "time": 1.42598,
  },
  {
    "name": "benchmark/imdb/06f.benchmark",
    "iteration": 2,
    "result": "correct",
    "time": 1.43092,
  },
  {
    "name": "benchmark/imdb/06f.benchmark",
    "iteration": 3,
    "result": "correct",
    "time": 1.43036,
  },
  {
    "name": "benchmark/imdb/06f.benchmark",
    "iteration": 4,
    "result": "correct",
    "time": 1.43577,
  },
  {
    "name": "benchmark/imdb/06f.benchmark",
    "iteration": 5,
    "result": "correct",
    "time": 1.46421,
  },
  {
    "name": "benchmark/imdb/07a.benchmark",
    "iteration": 0,
  },
  {
    "name": "benchmark/imdb/07a.benchmark",
    "iteration": 1,
    "result": "correct",
    "time": 0.278042,
  },
  {
    "name": "benchmark/imdb/07a.benchmark",
    "iteration": 2,
    "result": "correct",
    "time": 0.268113,
  },
  {
    "name": "benchmark/imdb/07a.benchmark",
    "iteration": 3,
    "result": "correct",
    "time": 0.266366,
  },
  {
    "name": "benchmark/imdb/07a.benchmark",
    "iteration": 4,
    "result": "correct",
    "time": 0.271761,
  },
  {
    "name": "benchmark/imdb/07a.benchmark",
    "iteration": 5,
    "result": "correct",
    "time": 0.266636,
  },
  {
    "name": "benchmark/imdb/07b.benchmark",
    "iteration": 0,
    "num_bloom_filters_in_scan": 0,
    "num_bloom_filters_in_scan": 0,
    "num_bloom_filters_in_scan": 0,
    "num_bloom_filters_in_scan": 0,
    "num_bloom_filters_in_scan": 0,
    "num_bloom_filters_in_scan": 0,
    "num_bloom_filters_in_scan": 0,
    "num_bloom_filters_in_scan": 0,
  },
  {
    "name": "benchmark/imdb/07b.benchmark",
    "iteration": 1,
    "num_bloom_filters_in_scan": 0,
    "num_bloom_filters_in_scan": 0,
    "num_bloom_filters_in_scan": 0,
    "num_bloom_filters_in_scan": 0,
    "num_bloom_filters_in_scan": 0,
    "num_bloom_filters_in_scan": 0,
    "num_bloom_filters_in_scan": 0,
    "num_bloom_filters_in_scan": 0,
    "result": "correct",
    "time": 0.134063,
  },
  {
    "name": "benchmark/imdb/07b.benchmark",
    "iteration": 2,
    "num_bloom_filters_in_scan": 0,
    "num_bloom_filters_in_scan": 0,
    "num_bloom_filters_in_scan": 0,
    "num_bloom_filters_in_scan": 0,
    "num_bloom_filters_in_scan": 0,
    "num_bloom_filters_in_scan": 0,
    "num_bloom_filters_in_scan": 0,
    "num_bloom_filters_in_scan": 0,
    "result": "correct",
    "time": 0.133216,
  },
  {
    "name": "benchmark/imdb/07b.benchmark",
    "iteration": 3,
    "num_bloom_filters_in_scan": 0,
    "num_bloom_filters_in_scan": 0,
    "num_bloom_filters_in_scan": 0,
    "num_bloom_filters_in_scan": 0,
    "num_bloom_filters_in_scan": 0,
    "num_bloom_filters_in_scan": 0,
    "num_bloom_filters_in_scan": 0,
    "num_bloom_filters_in_scan": 0,
    "result": "correct",
    "time": 0.13159,
  },
  {
    "name": "benchmark/imdb/07b.benchmark",
    "iteration": 4,
    "num_bloom_filters_in_scan": 0,
    "num_bloom_filters_in_scan": 0,
    "num_bloom_filters_in_scan": 0,
    "num_bloom_filters_in_scan": 0,
    "num_bloom_filters_in_scan": 0,
    "num_bloom_filters_in_scan": 0,
    "num_bloom_filters_in_scan": 0,
    "num_bloom_filters_in_scan": 0,
    "result": "correct",
    "time": 0.133605,
  },
  {
    "name": "benchmark/imdb/07b.benchmark",
    "iteration": 5,
    "num_bloom_filters_in_scan": 0,
    "num_bloom_filters_in_scan": 0,
    "num_bloom_filters_in_scan": 0,
    "num_bloom_filters_in_scan": 0,
    "num_bloom_filters_in_scan": 0,
    "num_bloom_filters_in_scan": 0,
    "num_bloom_filters_in_scan": 0,
    "num_bloom_filters_in_scan": 0,
    "result": "correct",
    "time": 0.133728,
  },
  {
    "name": "benchmark/imdb/07c.benchmark",
    "iteration": 0,
    "num_bloom_filters_in_scan": 0,
    "num_bloom_filters_in_scan": 0,
    "num_bloom_filters_in_scan": 0,
    "num_bloom_filters_in_scan": 0,
    "num_bloom_filters_in_scan": 0,
    "num_bloom_filters_in_scan": 0,
    "num_bloom_filters_in_scan": 0,
    "num_bloom_filters_in_scan": 0,
  },
  {
    "name": "benchmark/imdb/07c.benchmark",
    "iteration": 1,
    "num_bloom_filters_in_scan": 0,
    "num_bloom_filters_in_scan": 0,
    "num_bloom_filters_in_scan": 0,
    "num_bloom_filters_in_scan": 0,
    "num_bloom_filters_in_scan": 0,
    "num_bloom_filters_in_scan": 0,
    "num_bloom_filters_in_scan": 0,
    "num_bloom_filters_in_scan": 0,
    "result": "correct",
    "time": 2.21923,
  },
  {
    "name": "benchmark/imdb/07c.benchmark",
    "iteration": 2,
    "num_bloom_filters_in_scan": 0,
    "num_bloom_filters_in_scan": 0,
    "num_bloom_filters_in_scan": 0,
    "num_bloom_filters_in_scan": 0,
    "num_bloom_filters_in_scan": 0,
    "num_bloom_filters_in_scan": 0,
    "num_bloom_filters_in_scan": 0,
    "num_bloom_filters_in_scan": 0,
    "result": "correct",
    "time": 2.08827,
  },
  {
    "name": "benchmark/imdb/07c.benchmark",
    "iteration": 3,
    "num_bloom_filters_in_scan": 0,
    "num_bloom_filters_in_scan": 0,
    "num_bloom_filters_in_scan": 0,
    "num_bloom_filters_in_scan": 0,
    "num_bloom_filters_in_scan": 0,
    "num_bloom_filters_in_scan": 0,
    "num_bloom_filters_in_scan": 0,
    "num_bloom_filters_in_scan": 0,
    "result": "correct",
    "time": 2.10555,
  },
  {
    "name": "benchmark/imdb/07c.benchmark",
    "iteration": 4,
    "num_bloom_filters_in_scan": 0,
    "num_bloom_filters_in_scan": 0,
    "num_bloom_filters_in_scan": 0,
    "num_bloom_filters_in_scan": 0,
    "num_bloom_filters_in_scan": 0,
    "num_bloom_filters_in_scan": 0,
    "num_bloom_filters_in_scan": 0,
    "num_bloom_filters_in_scan": 0,
    "result": "correct",
    "time": 1.91659,
  },
  {
    "name": "benchmark/imdb/07c.benchmark",
    "iteration": 5,
    "num_bloom_filters_in_scan": 0,
    "num_bloom_filters_in_scan": 0,
    "num_bloom_filters_in_scan": 0,
    "num_bloom_filters_in_scan": 0,
    "num_bloom_filters_in_scan": 0,
    "num_bloom_filters_in_scan": 0,
    "num_bloom_filters_in_scan": 0,
    "num_bloom_filters_in_scan": 0,
    "result": "correct",
    "time": 2.03773,
  },
  {
    "name": "benchmark/imdb/08a.benchmark",
    "iteration": 0,
    "num_bloom_filters_in_scan": 0,
    "num_bloom_filters_in_scan": 0,
    "num_bloom_filters_in_scan": 0,
    "num_bloom_filters_in_scan": 0,
    "num_bloom_filters_in_scan": 0,
    "num_bloom_filters_in_scan": 0,
    "num_bloom_filters_in_scan": 0,
  },
  {
    "name": "benchmark/imdb/08a.benchmark",
    "iteration": 1,
    "num_bloom_filters_in_scan": 0,
    "num_bloom_filters_in_scan": 0,
    "num_bloom_filters_in_scan": 0,
    "num_bloom_filters_in_scan": 0,
    "num_bloom_filters_in_scan": 0,
    "num_bloom_filters_in_scan": 0,
    "num_bloom_filters_in_scan": 0,
    "result": "correct",
    "time": 0.464436,
  },
  {
    "name": "benchmark/imdb/08a.benchmark",
    "iteration": 2,
    "result": "correct",
    "time": 0.462254,
  },
  {
    "name": "benchmark/imdb/08a.benchmark",
    "iteration": 3,
    "result": "correct",
    "time": 0.459078,
  },
  {
    "name": "benchmark/imdb/08a.benchmark",
    "iteration": 4,
    "result": "correct",
    "time": 0.458259,
  },
  {
    "name": "benchmark/imdb/08a.benchmark",
    "iteration": 5,
    "result": "correct",
    "time": 0.459744,
  },
  {
    "name": "benchmark/imdb/08b.benchmark",
    "iteration": 0,
  },
  {
    "name": "benchmark/imdb/08b.benchmark",
    "iteration": 1,
    "result": "correct",
    "time": 0.594694,
  },
  {
    "name": "benchmark/imdb/08b.benchmark",
    "iteration": 2,
    "result": "correct",
    "time": 0.584556,
  },
  {
    "name": "benchmark/imdb/08b.benchmark",
    "iteration": 3,
    "result": "correct",
    "time": 0.583021,
  },
  {
    "name": "benchmark/imdb/08b.benchmark",
    "iteration": 4,
    "result": "correct",
    "time": 0.581261,
  },
  {
    "name": "benchmark/imdb/08b.benchmark",
    "iteration": 5,
    "result": "correct",
    "time": 0.582945,
  },
  {
    "name": "benchmark/imdb/08c.benchmark",
    "iteration": 0,
  },
  {
    "name": "benchmark/imdb/08c.benchmark",
    "iteration": 1,
    "result": "correct",
    "time": 1.19127,
  },
  {
    "name": "benchmark/imdb/08c.benchmark",
    "iteration": 2,
    "result": "correct",
    "time": 1.19157,
  },
  {
    "name": "benchmark/imdb/08c.benchmark",
    "iteration": 3,
    "result": "correct",
    "time": 1.1909,
  },
  {
    "name": "benchmark/imdb/08c.benchmark",
    "iteration": 4,
    "result": "correct",
    "time": 1.2071,
  },
  {
    "name": "benchmark/imdb/08c.benchmark",
    "iteration": 5,
    "result": "correct",
    "time": 1.19891,
  },
  {
    "name": "benchmark/imdb/08d.benchmark",
    "iteration": 0,
  },
  {
    "name": "benchmark/imdb/08d.benchmark",
    "iteration": 1,
    "result": "correct",
    "time": 0.400816,
  },
  {
    "name": "benchmark/imdb/08d.benchmark",
    "iteration": 2,
    "result": "correct",
    "time": 0.398802,
  },
  {
    "name": "benchmark/imdb/08d.benchmark",
    "iteration": 3,
    "result": "correct",
    "time": 0.400555,
  },
  {
    "name": "benchmark/imdb/08d.benchmark",
    "iteration": 4,
    "result": "correct",
    "time": 0.404848,
  },
  {
    "name": "benchmark/imdb/08d.benchmark",
    "iteration": 5,
    "result": "correct",
    "time": 0.397879,
  },
  {
    "name": "benchmark/imdb/09a.benchmark",
    "iteration": 0,
  },
  {
    "name": "benchmark/imdb/09a.benchmark",
    "iteration": 1,
    "result": "correct",
    "time": 0.766877,
  },
  {
    "name": "benchmark/imdb/09a.benchmark",
    "iteration": 2,
    "result": "correct",
    "time": 0.770592,
  },
  {
    "name": "benchmark/imdb/09a.benchmark",
    "iteration": 3,
    "result": "correct",
    "time": 0.769888,
  },
  {
    "name": "benchmark/imdb/09a.benchmark",
    "iteration": 4,
    "result": "correct",
    "time": 0.767244,
  },
  {
    "name": "benchmark/imdb/09a.benchmark",
    "iteration": 5,
    "result": "correct",
    "time": 0.777276,
  },
  {
    "name": "benchmark/imdb/09b.benchmark",
    "iteration": 0,
  },
  {
    "name": "benchmark/imdb/09b.benchmark",
    "iteration": 1,
    "result": "correct",
    "time": 0.575226,
  },
  {
    "name": "benchmark/imdb/09b.benchmark",
    "iteration": 2,
    "result": "correct",
    "time": 0.573313,
  },
  {
    "name": "benchmark/imdb/09b.benchmark",
    "iteration": 3,
    "result": "correct",
    "time": 0.57319,
  },
  {
    "name": "benchmark/imdb/09b.benchmark",
    "iteration": 4,
    "result": "correct",
    "time": 0.573044,
  },
  {
    "name": "benchmark/imdb/09b.benchmark",
    "iteration": 5,
    "result": "correct",
    "time": 0.574455,
  },
  {
    "name": "benchmark/imdb/09c.benchmark",
    "iteration": 0,
  },
  {
    "name": "benchmark/imdb/09c.benchmark",
    "iteration": 1,
    "result": "correct",
    "time": 0.704456,
  },
  {
    "name": "benchmark/imdb/09c.benchmark",
    "iteration": 2,
    "result": "correct",
    "time": 0.689085,
  },
  {
    "name": "benchmark/imdb/09c.benchmark",
    "iteration": 3,
    "result": "correct",
    "time": 0.689689,
  },
  {
    "name": "benchmark/imdb/09c.benchmark",
    "iteration": 4,
    "result": "correct",
    "time": 0.692326,
  },
  {
    "name": "benchmark/imdb/09c.benchmark",
    "iteration": 5,
    "result": "correct",
    "time": 0.688124,
  },
  {
    "name": "benchmark/imdb/09d.benchmark",
    "iteration": 0,
  },
  {
    "name": "benchmark/imdb/09d.benchmark",
    "iteration": 1,
    "result": "correct",
    "time": 0.977716,
  },
  {
    "name": "benchmark/imdb/09d.benchmark",
    "iteration": 2,
    "result": "correct",
    "time": 0.977459,
  },
  {
    "name": "benchmark/imdb/09d.benchmark",
    "iteration": 3,
    "result": "correct",
    "time": 0.982419,
  },
  {
    "name": "benchmark/imdb/09d.benchmark",
    "iteration": 4,
    "result": "correct",
    "time": 0.989324,
  },
  {
    "name": "benchmark/imdb/09d.benchmark",
    "iteration": 5,
    "result": "correct",
    "time": 0.978794,
  },
  {
    "name": "benchmark/imdb/10a.benchmark",
    "iteration": 0,
  },
  {
    "name": "benchmark/imdb/10a.benchmark",
    "iteration": 1,
    "result": "correct",
    "time": 0.625149,
  },
  {
    "name": "benchmark/imdb/10a.benchmark",
    "iteration": 2,
    "result": "correct",
    "time": 0.61772,
  },
  {
    "name": "benchmark/imdb/10a.benchmark",
    "iteration": 3,
    "result": "correct",
    "time": 0.617516,
  },
  {
    "name": "benchmark/imdb/10a.benchmark",
    "iteration": 4,
    "result": "correct",
    "time": 0.61774,
  },
  {
    "name": "benchmark/imdb/10a.benchmark",
    "iteration": 5,
    "result": "correct",
    "time": 0.616918,
  },
  {
    "name": "benchmark/imdb/10b.benchmark",
    "iteration": 0,
  },
  {
    "name": "benchmark/imdb/10b.benchmark",
    "iteration": 1,
    "result": "correct",
    "time": 0.432221,
  },
  {
    "name": "benchmark/imdb/10b.benchmark",
    "iteration": 2,
    "result": "correct",
    "time": 0.42737,
  },
  {
    "name": "benchmark/imdb/10b.benchmark",
    "iteration": 3,
    "result": "correct",
    "time": 0.426438,
  },
  {
    "name": "benchmark/imdb/10b.benchmark",
    "iteration": 4,
    "result": "correct",
    "time": 0.426216,
  },
  {
    "name": "benchmark/imdb/10b.benchmark",
    "iteration": 5,
    "result": "correct",
    "time": 0.425805,
  },
  {
    "name": "benchmark/imdb/10c.benchmark",
    "iteration": 0,
  },
  {
    "name": "benchmark/imdb/10c.benchmark",
    "iteration": 1,
    "result": "correct",
    "time": 1.5826,
  },
  {
    "name": "benchmark/imdb/10c.benchmark",
    "iteration": 2,
    "result": "correct",
    "time": 1.56825,
  },
  {
    "name": "benchmark/imdb/10c.benchmark",
    "iteration": 3,
    "result": "correct",
    "time": 1.57126,
  },
  {
    "name": "benchmark/imdb/10c.benchmark",
    "iteration": 4,
    "result": "correct",
    "time": 1.57361,
  },
  {
    "name": "benchmark/imdb/10c.benchmark",
    "iteration": 5,
    "result": "correct",
    "time": 1.57016,
  },
  {
    "name": "benchmark/imdb/11a.benchmark",
    "iteration": 0,
  },
  {
    "name": "benchmark/imdb/11a.benchmark",
    "iteration": 1,
    "result": "correct",
    "time": 0.0382405,
  },
  {
    "name": "benchmark/imdb/11a.benchmark",
    "iteration": 2,
    "result": "correct",
    "time": 0.0364292,
  },
  {
    "name": "benchmark/imdb/11a.benchmark",
    "iteration": 3,
    "result": "correct",
    "time": 0.0383707,
  },
  {
    "name": "benchmark/imdb/11a.benchmark",
    "iteration": 4,
    "result": "correct",
    "time": 0.037649,
  },
  {
    "name": "benchmark/imdb/11a.benchmark",
    "iteration": 5,
    "result": "correct",
    "time": 0.0360591,
  },
  {
    "name": "benchmark/imdb/11b.benchmark",
    "iteration": 0,
  },
  {
    "name": "benchmark/imdb/11b.benchmark",
    "iteration": 1,
    "result": "correct",
    "time": 0.0548423,
  },
  {
    "name": "benchmark/imdb/11b.benchmark",
    "iteration": 2,
    "result": "correct",
    "time": 0.055106,
  },
  {
    "name": "benchmark/imdb/11b.benchmark",
    "iteration": 3,
    "result": "correct",
    "time": 0.0607247,
  },
  {
    "name": "benchmark/imdb/11b.benchmark",
    "iteration": 4,
    "result": "correct",
    "time": 0.0532133,
  },
  {
    "name": "benchmark/imdb/11b.benchmark",
    "iteration": 5,
    "result": "correct",
    "time": 0.0518456,
  },
  {
    "name": "benchmark/imdb/11c.benchmark",
    "iteration": 0,
  },
  {
    "name": "benchmark/imdb/11c.benchmark",
    "iteration": 1,
    "result": "correct",
    "time": 0.15155,
  },
  {
    "name": "benchmark/imdb/11c.benchmark",
    "iteration": 2,
    "result": "correct",
    "time": 0.149836,
  },
  {
    "name": "benchmark/imdb/11c.benchmark",
    "iteration": 3,
    "result": "correct",
    "time": 0.150459,
  },
  {
    "name": "benchmark/imdb/11c.benchmark",
    "iteration": 4,
    "result": "correct",
    "time": 0.148591,
  },
  {
    "name": "benchmark/imdb/11c.benchmark",
    "iteration": 5,
    "result": "correct",
    "time": 0.136844,
  },
  {
    "name": "benchmark/imdb/11d.benchmark",
    "iteration": 0,
  },
  {
    "name": "benchmark/imdb/11d.benchmark",
    "iteration": 1,
    "result": "correct",
    "time": 0.541958,
  },
  {
    "name": "benchmark/imdb/11d.benchmark",
    "iteration": 2,
    "result": "correct",
    "time": 0.539053,
  },
  {
    "name": "benchmark/imdb/11d.benchmark",
    "iteration": 3,
    "result": "correct",
    "time": 0.514918,
  },
  {
    "name": "benchmark/imdb/11d.benchmark",
    "iteration": 4,
    "result": "correct",
    "time": 0.529743,
  },
  {
    "name": "benchmark/imdb/11d.benchmark",
    "iteration": 5,
    "result": "correct",
    "time": 0.466088,
  },
  {
    "name": "benchmark/imdb/12a.benchmark",
    "iteration": 0,
  },
  {
    "name": "benchmark/imdb/12a.benchmark",
    "iteration": 1,
    "result": "correct",
    "time": 0.167945,
  },
  {
    "name": "benchmark/imdb/12a.benchmark",
    "iteration": 2,
    "result": "correct",
    "time": 0.166754,
  },
  {
    "name": "benchmark/imdb/12a.benchmark",
    "iteration": 3,
    "result": "correct",
    "time": 0.167572,
  },
  {
    "name": "benchmark/imdb/12a.benchmark",
    "iteration": 4,
    "result": "correct",
    "time": 0.165139,
  },
  {
    "name": "benchmark/imdb/12a.benchmark",
    "iteration": 5,
    "result": "correct",
    "time": 0.166134,
  },
  {
    "name": "benchmark/imdb/12b.benchmark",
    "iteration": 0,
  },
  {
    "name": "benchmark/imdb/12b.benchmark",
    "iteration": 1,
    "result": "correct",
    "time": 0.230528,
  },
  {
    "name": "benchmark/imdb/12b.benchmark",
    "iteration": 2,
    "result": "correct",
    "time": 0.227465,
  },
  {
    "name": "benchmark/imdb/12b.benchmark",
    "iteration": 3,
    "result": "correct",
    "time": 0.226299,
  },
  {
    "name": "benchmark/imdb/12b.benchmark",
    "iteration": 4,
    "result": "correct",
    "time": 0.227266,
  },
  {
    "name": "benchmark/imdb/12b.benchmark",
    "iteration": 5,
    "result": "correct",
    "time": 0.227895,
  },
  {
    "name": "benchmark/imdb/12c.benchmark",
    "iteration": 0,
  },
  {
    "name": "benchmark/imdb/12c.benchmark",
    "iteration": 1,
    "result": "correct",
    "time": 0.245358,
  },
  {
    "name": "benchmark/imdb/12c.benchmark",
    "iteration": 2,
    "result": "correct",
    "time": 0.238675,
  },
  {
    "name": "benchmark/imdb/12c.benchmark",
    "iteration": 3,
    "result": "correct",
    "time": 0.236503,
  },
  {
    "name": "benchmark/imdb/12c.benchmark",
    "iteration": 4,
    "result": "correct",
    "time": 0.237219,
  },
  {
    "name": "benchmark/imdb/12c.benchmark",
    "iteration": 5,
    "result": "correct",
    "time": 0.239223,
  },
  {
    "name": "benchmark/imdb/13a.benchmark",
    "iteration": 0,
  },
  {
    "name": "benchmark/imdb/13a.benchmark",
    "iteration": 1,
    "result": "correct",
    "time": 0.16394,
  },
  {
    "name": "benchmark/imdb/13a.benchmark",
    "iteration": 2,
    "result": "correct",
    "time": 0.161987,
  },
  {
    "name": "benchmark/imdb/13a.benchmark",
    "iteration": 3,
    "result": "correct",
    "time": 0.160226,
  },
  {
    "name": "benchmark/imdb/13a.benchmark",
    "iteration": 4,
    "result": "correct",
    "time": 0.161601,
  },
  {
    "name": "benchmark/imdb/13a.benchmark",
    "iteration": 5,
    "result": "correct",
    "time": 0.160711,
  },
  {
    "name": "benchmark/imdb/13b.benchmark",
    "iteration": 0,
  },
  {
    "name": "benchmark/imdb/13b.benchmark",
    "iteration": 1,
    "result": "correct",
    "time": 0.263447,
  },
  {
    "name": "benchmark/imdb/13b.benchmark",
    "iteration": 2,
    "result": "correct",
    "time": 0.261426,
  },
  {
    "name": "benchmark/imdb/13b.benchmark",
    "iteration": 3,
    "result": "correct",
    "time": 0.264107,
  },
  {
    "name": "benchmark/imdb/13b.benchmark",
    "iteration": 4,
    "result": "correct",
    "time": 0.264229,
  },
  {
    "name": "benchmark/imdb/13b.benchmark",
    "iteration": 5,
    "result": "correct",
    "time": 0.265561,
  },
  {
    "name": "benchmark/imdb/13c.benchmark",
    "iteration": 0,
  },
  {
    "name": "benchmark/imdb/13c.benchmark",
    "iteration": 1,
    "result": "correct",
    "time": 0.234883,
  },
  {
    "name": "benchmark/imdb/13c.benchmark",
    "iteration": 2,
    "result": "correct",
    "time": 0.232059,
  },
  {
    "name": "benchmark/imdb/13c.benchmark",
    "iteration": 3,
    "result": "correct",
    "time": 0.231612,
  },
  {
    "name": "benchmark/imdb/13c.benchmark",
    "iteration": 4,
    "result": "correct",
    "time": 0.231588,
  },
  {
    "name": "benchmark/imdb/13c.benchmark",
    "iteration": 5,
    "result": "correct",
    "time": 0.229722,
  },
  {
    "name": "benchmark/imdb/13d.benchmark",
    "iteration": 0,
  },
  {
    "name": "benchmark/imdb/13d.benchmark",
    "iteration": 1,
    "result": "correct",
    "time": 0.23836,
  },
  {
    "name": "benchmark/imdb/13d.benchmark",
    "iteration": 2,
    "result": "correct",
    "time": 0.237075,
  },
  {
    "name": "benchmark/imdb/13d.benchmark",
    "iteration": 3,
    "result": "correct",
    "time": 0.239854,
  },
  {
    "name": "benchmark/imdb/13d.benchmark",
    "iteration": 4,
    "result": "correct",
    "time": 0.238424,
  },
  {
    "name": "benchmark/imdb/13d.benchmark",
    "iteration": 5,
    "result": "correct",
    "time": 0.235782,
  },
  {
    "name": "benchmark/imdb/14a.benchmark",
    "iteration": 0,
  },
  {
    "name": "benchmark/imdb/14a.benchmark",
    "iteration": 1,
    "result": "correct",
    "time": 0.175621,
  },
  {
    "name": "benchmark/imdb/14a.benchmark",
    "iteration": 2,
    "result": "correct",
    "time": 0.17351,
  },
  {
    "name": "benchmark/imdb/14a.benchmark",
    "iteration": 3,
    "result": "correct",
    "time": 0.172026,
  },
  {
    "name": "benchmark/imdb/14a.benchmark",
    "iteration": 4,
    "result": "correct",
    "time": 0.175692,
  },
  {
    "name": "benchmark/imdb/14a.benchmark",
    "iteration": 5,
    "result": "correct",
    "time": 0.170562,
  },
  {
    "name": "benchmark/imdb/14b.benchmark",
    "iteration": 0,
  },
  {
    "name": "benchmark/imdb/14b.benchmark",
    "iteration": 1,
    "result": "correct",
    "time": 0.100747,
  },
  {
    "name": "benchmark/imdb/14b.benchmark",
    "iteration": 2,
    "result": "correct",
    "time": 0.0968398,
  },
  {
    "name": "benchmark/imdb/14b.benchmark",
    "iteration": 3,
    "result": "correct",
    "time": 0.0973298,
  },
  {
    "name": "benchmark/imdb/14b.benchmark",
    "iteration": 4,
    "result": "correct",
    "time": 0.0976093,
  },
  {
    "name": "benchmark/imdb/14b.benchmark",
    "iteration": 5,
    "result": "correct",
    "time": 0.0966466,
  },
  {
    "name": "benchmark/imdb/14c.benchmark",
    "iteration": 0,
  },
  {
    "name": "benchmark/imdb/14c.benchmark",
    "iteration": 1,
    "result": "correct",
    "time": 0.349026,
  },
  {
    "name": "benchmark/imdb/14c.benchmark",
    "iteration": 2,
    "result": "correct",
    "time": 0.347343,
  },
  {
    "name": "benchmark/imdb/14c.benchmark",
    "iteration": 3,
    "result": "correct",
    "time": 0.346625,
  },
  {
    "name": "benchmark/imdb/14c.benchmark",
    "iteration": 4,
    "result": "correct",
    "time": 0.347796,
  },
  {
    "name": "benchmark/imdb/14c.benchmark",
    "iteration": 5,
    "result": "correct",
    "time": 0.34838,
  },
  {
    "name": "benchmark/imdb/15a.benchmark",
    "iteration": 0,
  },
  {
    "name": "benchmark/imdb/15a.benchmark",
    "iteration": 1,
    "result": "correct",
    "time": 0.463733,
  },
  {
    "name": "benchmark/imdb/15a.benchmark",
    "iteration": 2,
    "result": "correct",
    "time": 0.461318,
  },
  {
    "name": "benchmark/imdb/15a.benchmark",
    "iteration": 3,
    "result": "correct",
    "time": 0.460794,
  },
  {
    "name": "benchmark/imdb/15a.benchmark",
    "iteration": 4,
    "result": "correct",
    "time": 0.458615,
  },
  {
    "name": "benchmark/imdb/15a.benchmark",
    "iteration": 5,
    "result": "correct",
    "time": 0.463591,
  },
  {
    "name": "benchmark/imdb/15b.benchmark",
    "iteration": 0,
  },
  {
    "name": "benchmark/imdb/15b.benchmark",
    "iteration": 1,
    "result": "correct",
    "time": 0.426222,
  },
  {
    "name": "benchmark/imdb/15b.benchmark",
    "iteration": 2,
    "result": "correct",
    "time": 0.439391,
  },
  {
    "name": "benchmark/imdb/15b.benchmark",
    "iteration": 3,
    "result": "correct",
    "time": 0.425857,
  },
  {
    "name": "benchmark/imdb/15b.benchmark",
    "iteration": 4,
    "result": "correct",
    "time": 0.425615,
  },
  {
    "name": "benchmark/imdb/15b.benchmark",
    "iteration": 5,
    "result": "correct",
    "time": 0.426686,
  },
  {
    "name": "benchmark/imdb/15c.benchmark",
    "iteration": 0,
  },
  {
    "name": "benchmark/imdb/15c.benchmark",
    "iteration": 1,
    "result": "correct",
    "time": 0.566492,
  },
  {
    "name": "benchmark/imdb/15c.benchmark",
    "iteration": 2,
    "result": "correct",
    "time": 0.558681,
  },
  {
    "name": "benchmark/imdb/15c.benchmark",
    "iteration": 3,
    "result": "correct",
    "time": 0.557884,
  },
  {
    "name": "benchmark/imdb/15c.benchmark",
    "iteration": 4,
    "result": "correct",
    "time": 0.566433,
  },
  {
    "name": "benchmark/imdb/15c.benchmark",
    "iteration": 5,
    "result": "correct",
    "time": 0.561851,
  },
  {
    "name": "benchmark/imdb/15d.benchmark",
    "iteration": 0,
  },
  {
    "name": "benchmark/imdb/15d.benchmark",
    "iteration": 1,
    "result": "correct",
    "time": 0.503601,
  },
  {
    "name": "benchmark/imdb/15d.benchmark",
    "iteration": 2,
    "result": "correct",
    "time": 0.493945,
  },
  {
    "name": "benchmark/imdb/15d.benchmark",
    "iteration": 3,
    "result": "correct",
    "time": 0.49391,
  },
  {
    "name": "benchmark/imdb/15d.benchmark",
    "iteration": 4,
    "result": "correct",
    "time": 0.491093,
  },
  {
    "name": "benchmark/imdb/15d.benchmark",
    "iteration": 5,
    "result": "correct",
    "time": 0.493594,
  },
  {
    "name": "benchmark/imdb/16a.benchmark",
    "iteration": 0,
  },
  {
    "name": "benchmark/imdb/16a.benchmark",
    "iteration": 1,
    "result": "correct",
    "time": 0.426614,
  },
  {
    "name": "benchmark/imdb/16a.benchmark",
    "iteration": 2,
    "result": "correct",
    "time": 0.412749,
  },
  {
    "name": "benchmark/imdb/16a.benchmark",
    "iteration": 3,
    "result": "correct",
    "time": 0.401504,
  },
  {
    "name": "benchmark/imdb/16a.benchmark",
    "iteration": 4,
    "result": "correct",
    "time": 0.404256,
  },
  {
    "name": "benchmark/imdb/16a.benchmark",
    "iteration": 5,
    "result": "correct",
    "time": 0.40223,
  },
  {
    "name": "benchmark/imdb/16b.benchmark",
    "iteration": 0,
  },
  {
    "name": "benchmark/imdb/16b.benchmark",
    "iteration": 1,
    "result": "correct",
    "time": 2.04586,
  },
  {
    "name": "benchmark/imdb/16b.benchmark",
    "iteration": 2,
    "result": "correct",
    "time": 2.05725,
  },
  {
    "name": "benchmark/imdb/16b.benchmark",
    "iteration": 3,
    "result": "correct",
    "time": 2.05188,
  },
  {
    "name": "benchmark/imdb/16b.benchmark",
    "iteration": 4,
    "result": "correct",
    "time": 2.06351,
  },
  {
    "name": "benchmark/imdb/16b.benchmark",
    "iteration": 5,
    "result": "correct",
    "time": 2.10574,
  },
  {
    "name": "benchmark/imdb/16c.benchmark",
    "iteration": 0,
  },
  {
    "name": "benchmark/imdb/16c.benchmark",
    "iteration": 1,
    "result": "correct",
    "time": 0.60998,
  },
  {
    "name": "benchmark/imdb/16c.benchmark",
    "iteration": 2,
    "result": "correct",
    "time": 0.607794,
  },
  {
    "name": "benchmark/imdb/16c.benchmark",
    "iteration": 3,
    "result": "correct",
    "time": 0.603397,
  },
  {
    "name": "benchmark/imdb/16c.benchmark",
    "iteration": 4,
    "result": "correct",
    "time": 0.602779,
  },
  {
    "name": "benchmark/imdb/16c.benchmark",
    "iteration": 5,
    "result": "correct",
    "time": 0.61113,
  },
  {
    "name": "benchmark/imdb/16d.benchmark",
    "iteration": 0,
  },
  {
    "name": "benchmark/imdb/16d.benchmark",
    "iteration": 1,
    "result": "correct",
    "time": 0.58599,
  },
  {
    "name": "benchmark/imdb/16d.benchmark",
    "iteration": 2,
    "result": "correct",
    "time": 0.582811,
  },
  {
    "name": "benchmark/imdb/16d.benchmark",
    "iteration": 3,
    "result": "correct",
    "time": 0.581813,
  },
  {
    "name": "benchmark/imdb/16d.benchmark",
    "iteration": 4,
    "result": "correct",
    "time": 0.57978,
  },
  {
    "name": "benchmark/imdb/16d.benchmark",
    "iteration": 5,
    "result": "correct",
    "time": 0.579572,
  },
  {
    "name": "benchmark/imdb/17a.benchmark",
    "iteration": 0,
  },
  {
    "name": "benchmark/imdb/17a.benchmark",
    "iteration": 1,
    "result": "correct",
    "time": 0.901728,
  },
  {
    "name": "benchmark/imdb/17a.benchmark",
    "iteration": 2,
    "result": "correct",
    "time": 0.899022,
  },
  {
    "name": "benchmark/imdb/17a.benchmark",
    "iteration": 3,
    "result": "correct",
    "time": 0.910868,
  },
  {
    "name": "benchmark/imdb/17a.benchmark",
    "iteration": 4,
    "result": "correct",
    "time": 0.907374,
  },
  {
    "name": "benchmark/imdb/17a.benchmark",
    "iteration": 5,
    "result": "correct",
    "time": 0.918514,
  },
  {
    "name": "benchmark/imdb/17b.benchmark",
    "iteration": 0,
  },
  {
    "name": "benchmark/imdb/17b.benchmark",
    "iteration": 1,
    "result": "correct",
    "time": 0.888826,
  },
  {
    "name": "benchmark/imdb/17b.benchmark",
    "iteration": 2,
    "result": "correct",
    "time": 0.890105,
  },
  {
    "name": "benchmark/imdb/17b.benchmark",
    "iteration": 3,
    "result": "correct",
    "time": 0.888891,
  },
  {
    "name": "benchmark/imdb/17b.benchmark",
    "iteration": 4,
    "result": "correct",
    "time": 0.892596,
  },
  {
    "name": "benchmark/imdb/17b.benchmark",
    "iteration": 5,
    "result": "correct",
    "time": 0.886028,
  },
  {
    "name": "benchmark/imdb/17c.benchmark",
    "iteration": 0,
  },
  {
    "name": "benchmark/imdb/17c.benchmark",
    "iteration": 1,
    "result": "correct",
    "time": 0.864166,
  },
  {
    "name": "benchmark/imdb/17c.benchmark",
    "iteration": 2,
    "result": "correct",
    "time": 0.861328,
  },
  {
    "name": "benchmark/imdb/17c.benchmark",
    "iteration": 3,
    "result": "correct",
    "time": 0.863107,
  },
  {
    "name": "benchmark/imdb/17c.benchmark",
    "iteration": 4,
    "result": "correct",
    "time": 0.862514,
  },
  {
    "name": "benchmark/imdb/17c.benchmark",
    "iteration": 5,
    "result": "correct",
    "time": 0.866266,
  },
  {
    "name": "benchmark/imdb/17d.benchmark",
    "iteration": 0,
  },
  {
    "name": "benchmark/imdb/17d.benchmark",
    "iteration": 1,
    "result": "correct",
    "time": 1.43183,
  },
  {
    "name": "benchmark/imdb/17d.benchmark",
    "iteration": 2,
    "result": "correct",
    "time": 1.41078,
  },
  {
    "name": "benchmark/imdb/17d.benchmark",
    "iteration": 3,
    "result": "correct",
    "time": 1.38448,
  },
  {
    "name": "benchmark/imdb/17d.benchmark",
    "iteration": 4,
    "result": "correct",
    "time": 1.38429,
  },
  {
    "name": "benchmark/imdb/17d.benchmark",
    "iteration": 5,
    "result": "correct",
    "time": 1.3909,
  },
  {
    "name": "benchmark/imdb/17e.benchmark",
    "iteration": 0,
  },
  {
    "name": "benchmark/imdb/17e.benchmark",
    "iteration": 1,
    "result": "correct",
    "time": 1.10537,
  },
  {
    "name": "benchmark/imdb/17e.benchmark",
    "iteration": 2,
    "result": "correct",
    "time": 1.10376,
  },
  {
    "name": "benchmark/imdb/17e.benchmark",
    "iteration": 3,
    "result": "correct",
    "time": 1.0986,
  },
  {
    "name": "benchmark/imdb/17e.benchmark",
    "iteration": 4,
    "result": "correct",
    "time": 1.09547,
  },
  {
    "name": "benchmark/imdb/17e.benchmark",
    "iteration": 5,
    "result": "correct",
    "time": 1.09985,
  },
  {
    "name": "benchmark/imdb/17f.benchmark",
    "iteration": 0,
  },
  {
    "name": "benchmark/imdb/17f.benchmark",
    "iteration": 1,
    "result": "correct",
    "time": 1.58821,
  },
  {
    "name": "benchmark/imdb/17f.benchmark",
    "iteration": 2,
    "result": "correct",
    "time": 1.59452,
  },
  {
    "name": "benchmark/imdb/17f.benchmark",
    "iteration": 3,
    "result": "correct",
    "time": 1.62779,
  },
  {
    "name": "benchmark/imdb/17f.benchmark",
    "iteration": 4,
    "result": "correct",
    "time": 1.5917,
  },
  {
    "name": "benchmark/imdb/17f.benchmark",
    "iteration": 5,
    "result": "correct",
    "time": 1.59558,
  },
  {
    "name": "benchmark/imdb/18a.benchmark",
    "iteration": 0,
  },
  {
    "name": "benchmark/imdb/18a.benchmark",
    "iteration": 1,
    "result": "correct",
    "time": 1.14172,
  },
  {
    "name": "benchmark/imdb/18a.benchmark",
    "iteration": 2,
    "result": "correct",
    "time": 1.13433,
  },
  {
    "name": "benchmark/imdb/18a.benchmark",
    "iteration": 3,
    "result": "correct",
    "time": 1.12546,
  },
  {
    "name": "benchmark/imdb/18a.benchmark",
    "iteration": 4,
    "result": "correct",
    "time": 1.12775,
  },
  {
    "name": "benchmark/imdb/18a.benchmark",
    "iteration": 5,
    "result": "correct",
    "time": 1.12853,
  },
  {
    "name": "benchmark/imdb/18b.benchmark",
    "iteration": 0,
  },
  {
    "name": "benchmark/imdb/18b.benchmark",
    "iteration": 1,
    "result": "correct",
    "time": 1.17676,
  },
  {
    "name": "benchmark/imdb/18b.benchmark",
    "iteration": 2,
    "result": "correct",
    "time": 1.17488,
  },
  {
    "name": "benchmark/imdb/18b.benchmark",
    "iteration": 3,
    "result": "correct",
    "time": 1.16791,
  },
  {
    "name": "benchmark/imdb/18b.benchmark",
    "iteration": 4,
    "result": "correct",
    "time": 1.16818,
  },
  {
    "name": "benchmark/imdb/18b.benchmark",
    "iteration": 5,
    "result": "correct",
    "time": 1.17393,
  },
  {
    "name": "benchmark/imdb/18c.benchmark",
    "iteration": 0,
  },
  {
    "name": "benchmark/imdb/18c.benchmark",
    "iteration": 1,
    "result": "correct",
    "time": 1.32984,
  },
  {
    "name": "benchmark/imdb/18c.benchmark",
    "iteration": 2,
    "result": "correct",
    "time": 1.3205,
  },
  {
    "name": "benchmark/imdb/18c.benchmark",
    "iteration": 3,
    "result": "correct",
    "time": 1.33311,
  },
  {
    "name": "benchmark/imdb/18c.benchmark",
    "iteration": 4,
    "result": "correct",
    "time": 1.33667,
  },
  {
    "name": "benchmark/imdb/18c.benchmark",
    "iteration": 5,
    "result": "correct",
    "time": 1.32238,
  },
  {
    "name": "benchmark/imdb/19a.benchmark",
    "iteration": 0,
  },
  {
    "name": "benchmark/imdb/19a.benchmark",
    "iteration": 1,
    "result": "correct",
    "time": 0.817598,
  },
  {
    "name": "benchmark/imdb/19a.benchmark",
    "iteration": 2,
    "result": "correct",
    "time": 0.816155,
  },
  {
    "name": "benchmark/imdb/19a.benchmark",
    "iteration": 3,
    "result": "correct",
    "time": 0.811728,
  },
  {
    "name": "benchmark/imdb/19a.benchmark",
    "iteration": 4,
    "result": "correct",
    "time": 0.811364,
  },
  {
    "name": "benchmark/imdb/19a.benchmark",
    "iteration": 5,
    "result": "correct",
    "time": 0.830207,
  },
  {
    "name": "benchmark/imdb/19b.benchmark",
    "iteration": 0,
  },
  {
    "name": "benchmark/imdb/19b.benchmark",
    "iteration": 1,
    "result": "correct",
    "time": 0.723246,
  },
  {
    "name": "benchmark/imdb/19b.benchmark",
    "iteration": 2,
    "result": "correct",
    "time": 0.718433,
  },
  {
    "name": "benchmark/imdb/19b.benchmark",
    "iteration": 3,
    "result": "correct",
    "time": 0.717419,
  },
  {
    "name": "benchmark/imdb/19b.benchmark",
    "iteration": 4,
    "result": "correct",
    "time": 0.711599,
  },
  {
    "name": "benchmark/imdb/19b.benchmark",
    "iteration": 5,
    "result": "correct",
    "time": 0.711625,
  },
  {
    "name": "benchmark/imdb/19c.benchmark",
    "iteration": 0,
  },
  {
    "name": "benchmark/imdb/19c.benchmark",
    "iteration": 1,
    "result": "correct",
    "time": 0.885301,
  },
  {
    "name": "benchmark/imdb/19c.benchmark",
    "iteration": 2,
    "result": "correct",
    "time": 0.876949,
  },
  {
    "name": "benchmark/imdb/19c.benchmark",
    "iteration": 3,
    "result": "correct",
    "time": 0.874517,
  },
  {
    "name": "benchmark/imdb/19c.benchmark",
    "iteration": 4,
    "result": "correct",
    "time": 0.877696,
  },
  {
    "name": "benchmark/imdb/19c.benchmark",
    "iteration": 5,
    "result": "correct",
    "time": 0.874786,
  },
  {
    "name": "benchmark/imdb/19d.benchmark",
    "iteration": 0,
  },
  {
    "name": "benchmark/imdb/19d.benchmark",
    "iteration": 1,
    "result": "correct",
    "time": 1.0258,
  },
  {
    "name": "benchmark/imdb/19d.benchmark",
    "iteration": 2,
    "result": "correct",
    "time": 1.01042,
  },
  {
    "name": "benchmark/imdb/19d.benchmark",
    "iteration": 3,
    "result": "correct",
    "time": 1.01333,
  },
  {
    "name": "benchmark/imdb/19d.benchmark",
    "iteration": 4,
    "result": "correct",
    "time": 1.01792,
  },
  {
    "name": "benchmark/imdb/19d.benchmark",
    "iteration": 5,
    "result": "correct",
    "time": 1.02247,
  },
  {
    "name": "benchmark/imdb/20a.benchmark",
    "iteration": 0,
  },
  {
    "name": "benchmark/imdb/20a.benchmark",
    "iteration": 1,
    "result": "correct",
    "time": 0.819519,
  },
  {
    "name": "benchmark/imdb/20a.benchmark",
    "iteration": 2,
    "result": "correct",
    "time": 0.821655,
  },
  {
    "name": "benchmark/imdb/20a.benchmark",
    "iteration": 3,
    "result": "correct",
    "time": 0.818326,
  },
  {
    "name": "benchmark/imdb/20a.benchmark",
    "iteration": 4,
    "result": "correct",
    "time": 0.813263,
  },
  {
    "name": "benchmark/imdb/20a.benchmark",
    "iteration": 5,
    "result": "correct",
    "time": 0.828362,
  },
  {
    "name": "benchmark/imdb/20b.benchmark",
    "iteration": 0,
  },
  {
    "name": "benchmark/imdb/20b.benchmark",
    "iteration": 1,
    "result": "correct",
    "time": 0.917163,
  },
  {
    "name": "benchmark/imdb/20b.benchmark",
    "iteration": 2,
    "result": "correct",
    "time": 0.909383,
  },
  {
    "name": "benchmark/imdb/20b.benchmark",
    "iteration": 3,
    "result": "correct",
    "time": 0.916792,
  },
  {
    "name": "benchmark/imdb/20b.benchmark",
    "iteration": 4,
    "result": "correct",
    "time": 0.909506,
  },
  {
    "name": "benchmark/imdb/20b.benchmark",
    "iteration": 5,
    "result": "correct",
    "time": 0.910024,
  },
  {
    "name": "benchmark/imdb/20c.benchmark",
    "iteration": 0,
  },
  {
    "name": "benchmark/imdb/20c.benchmark",
    "iteration": 1,
    "result": "correct",
    "time": 0.842389,
  },
  {
    "name": "benchmark/imdb/20c.benchmark",
    "iteration": 2,
    "result": "correct",
    "time": 0.832724,
  },
  {
    "name": "benchmark/imdb/20c.benchmark",
    "iteration": 3,
    "result": "correct",
    "time": 0.832532,
  },
  {
    "name": "benchmark/imdb/20c.benchmark",
    "iteration": 4,
    "result": "correct",
    "time": 0.828089,
  },
  {
    "name": "benchmark/imdb/20c.benchmark",
    "iteration": 5,
    "result": "correct",
    "time": 0.833579,
  },
  {
    "name": "benchmark/imdb/21a.benchmark",
    "iteration": 0,
  },
  {
    "name": "benchmark/imdb/21a.benchmark",
    "iteration": 1,
    "result": "correct",
    "time": 0.0726511,
  },
  {
    "name": "benchmark/imdb/21a.benchmark",
    "iteration": 2,
    "result": "correct",
    "time": 0.0722689,
  },
  {
    "name": "benchmark/imdb/21a.benchmark",
    "iteration": 3,
    "result": "correct",
    "time": 0.0714193,
  },
  {
    "name": "benchmark/imdb/21a.benchmark",
    "iteration": 4,
    "result": "correct",
    "time": 0.0714272,
  },
  {
    "name": "benchmark/imdb/21a.benchmark",
    "iteration": 5,
    "result": "correct",
    "time": 0.0723404,
  },
  {
    "name": "benchmark/imdb/21b.benchmark",
    "iteration": 0,
  },
  {
    "name": "benchmark/imdb/21b.benchmark",
    "iteration": 1,
    "result": "correct",
    "time": 0.0521272,
  },
  {
    "name": "benchmark/imdb/21b.benchmark",
    "iteration": 2,
    "result": "correct",
    "time": 0.0515606,
  },
  {
    "name": "benchmark/imdb/21b.benchmark",
    "iteration": 3,
    "result": "correct",
    "time": 0.0514114,
  },
  {
    "name": "benchmark/imdb/21b.benchmark",
    "iteration": 4,
    "result": "correct",
    "time": 0.0494474,
  },
  {
    "name": "benchmark/imdb/21b.benchmark",
    "iteration": 5,
    "result": "correct",
    "time": 0.0490659,
  },
  {
    "name": "benchmark/imdb/21c.benchmark",
    "iteration": 0,
  },
  {
    "name": "benchmark/imdb/21c.benchmark",
    "iteration": 1,
    "result": "correct",
    "time": 0.0748966,
  },
  {
    "name": "benchmark/imdb/21c.benchmark",
    "iteration": 2,
    "result": "correct",
    "time": 0.0726834,
  },
  {
    "name": "benchmark/imdb/21c.benchmark",
    "iteration": 3,
    "result": "correct",
    "time": 0.0738205,
  },
  {
    "name": "benchmark/imdb/21c.benchmark",
    "iteration": 4,
    "result": "correct",
    "time": 0.0733774,
  },
  {
    "name": "benchmark/imdb/21c.benchmark",
    "iteration": 5,
    "result": "correct",
    "time": 0.0732207,
  },
  {
    "name": "benchmark/imdb/22a.benchmark",
    "iteration": 0,
  },
  {
    "name": "benchmark/imdb/22a.benchmark",
    "iteration": 1,
    "result": "correct",
    "time": 0.399538,
  },
  {
    "name": "benchmark/imdb/22a.benchmark",
    "iteration": 2,
    "result": "correct",
    "time": 0.39753,
  },
  {
    "name": "benchmark/imdb/22a.benchmark",
    "iteration": 3,
    "result": "correct",
    "time": 0.397108,
  },
  {
    "name": "benchmark/imdb/22a.benchmark",
    "iteration": 4,
    "result": "correct",
    "time": 0.398202,
  },
  {
    "name": "benchmark/imdb/22a.benchmark",
    "iteration": 5,
    "result": "correct",
    "time": 0.404299,
  },
  {
    "name": "benchmark/imdb/22b.benchmark",
    "iteration": 0,
  },
  {
    "name": "benchmark/imdb/22b.benchmark",
    "iteration": 1,
    "result": "correct",
    "time": 0.346275,
  },
  {
    "name": "benchmark/imdb/22b.benchmark",
    "iteration": 2,
    "result": "correct",
    "time": 0.34261,
  },
  {
    "name": "benchmark/imdb/22b.benchmark",
    "iteration": 3,
    "result": "correct",
    "time": 0.343203,
  },
  {
    "name": "benchmark/imdb/22b.benchmark",
    "iteration": 4,
    "result": "correct",
    "time": 0.342531,
  },
  {
    "name": "benchmark/imdb/22b.benchmark",
    "iteration": 5,
    "result": "correct",
    "time": 0.340409,
  },
  {
    "name": "benchmark/imdb/22c.benchmark",
    "iteration": 0,
  },
  {
    "name": "benchmark/imdb/22c.benchmark",
    "iteration": 1,
    "result": "correct",
    "time": 0.736277,
  },
  {
    "name": "benchmark/imdb/22c.benchmark",
    "iteration": 2,
    "result": "correct",
    "time": 0.73557,
  },
  {
    "name": "benchmark/imdb/22c.benchmark",
    "iteration": 3,
    "result": "correct",
    "time": 0.735342,
  },
  {
    "name": "benchmark/imdb/22c.benchmark",
    "iteration": 4,
    "result": "correct",
    "time": 0.744727,
  },
  {
    "name": "benchmark/imdb/22c.benchmark",
    "iteration": 5,
    "result": "correct",
    "time": 0.748232,
  },
  {
    "name": "benchmark/imdb/22d.benchmark",
    "iteration": 0,
  },
  {
    "name": "benchmark/imdb/22d.benchmark",
    "iteration": 1,
    "result": "correct",
    "time": 1.07375,
  },
  {
    "name": "benchmark/imdb/22d.benchmark",
    "iteration": 2,
    "result": "correct",
    "time": 1.0299,
  },
  {
    "name": "benchmark/imdb/22d.benchmark",
    "iteration": 3,
    "result": "correct",
    "time": 1.07661,
  },
  {
    "name": "benchmark/imdb/22d.benchmark",
    "iteration": 4,
    "result": "correct",
    "time": 1.07763,
  },
  {
    "name": "benchmark/imdb/22d.benchmark",
    "iteration": 5,
    "result": "correct",
    "time": 1.11119,
  },
  {
    "name": "benchmark/imdb/23a.benchmark",
    "iteration": 0,
  },
  {
    "name": "benchmark/imdb/23a.benchmark",
    "iteration": 1,
    "result": "correct",
    "time": 0.295218,
  },
  {
    "name": "benchmark/imdb/23a.benchmark",
    "iteration": 2,
    "result": "correct",
    "time": 0.293086,
  },
  {
    "name": "benchmark/imdb/23a.benchmark",
    "iteration": 3,
    "result": "correct",
    "time": 0.289209,
  },
  {
    "name": "benchmark/imdb/23a.benchmark",
    "iteration": 4,
    "result": "correct",
    "time": 0.296456,
  },
  {
    "name": "benchmark/imdb/23a.benchmark",
    "iteration": 5,
    "result": "correct",
    "time": 0.291673,
  },
  {
    "name": "benchmark/imdb/23b.benchmark",
    "iteration": 0,
  },
  {
    "name": "benchmark/imdb/23b.benchmark",
    "iteration": 1,
    "result": "correct",
    "time": 0.267867,
  },
  {
    "name": "benchmark/imdb/23b.benchmark",
    "iteration": 2,
    "result": "correct",
    "time": 0.270279,
  },
  {
    "name": "benchmark/imdb/23b.benchmark",
    "iteration": 3,
    "result": "correct",
    "time": 0.268871,
  },
  {
    "name": "benchmark/imdb/23b.benchmark",
    "iteration": 4,
    "result": "correct",
    "time": 0.267467,
  },
  {
    "name": "benchmark/imdb/23b.benchmark",
    "iteration": 5,
    "result": "correct",
    "time": 0.267719,
  },
  {
    "name": "benchmark/imdb/23c.benchmark",
    "iteration": 0,
  },
  {
    "name": "benchmark/imdb/23c.benchmark",
    "iteration": 1,
    "result": "correct",
    "time": 0.356397,
  },
  {
    "name": "benchmark/imdb/23c.benchmark",
    "iteration": 2,
    "result": "correct",
    "time": 0.349584,
  },
  {
    "name": "benchmark/imdb/23c.benchmark",
    "iteration": 3,
    "result": "correct",
    "time": 0.344197,
  },
  {
    "name": "benchmark/imdb/23c.benchmark",
    "iteration": 4,
    "result": "correct",
    "time": 0.341585,
  },
  {
    "name": "benchmark/imdb/23c.benchmark",
    "iteration": 5,
    "result": "correct",
    "time": 0.341749,
  },
  {
    "name": "benchmark/imdb/24a.benchmark",
    "iteration": 0,
  },
  {
    "name": "benchmark/imdb/24a.benchmark",
    "iteration": 1,
    "result": "correct",
    "time": 1.02444,
  },
  {
    "name": "benchmark/imdb/24a.benchmark",
    "iteration": 2,
    "result": "correct",
    "time": 1.0171,
  },
  {
    "name": "benchmark/imdb/24a.benchmark",
    "iteration": 3,
    "result": "correct",
    "time": 1.00056,
  },
  {
    "name": "benchmark/imdb/24a.benchmark",
    "iteration": 4,
    "result": "correct",
    "time": 1.00466,
  },
  {
    "name": "benchmark/imdb/24a.benchmark",
    "iteration": 5,
    "result": "correct",
    "time": 1.02242,
  },
  {
    "name": "benchmark/imdb/24b.benchmark",
    "iteration": 0,
  },
  {
    "name": "benchmark/imdb/24b.benchmark",
    "iteration": 1,
    "result": "correct",
    "time": 0.704456,
  },
  {
    "name": "benchmark/imdb/24b.benchmark",
    "iteration": 2,
    "result": "correct",
    "time": 0.697152,
  },
  {
    "name": "benchmark/imdb/24b.benchmark",
    "iteration": 3,
    "result": "correct",
    "time": 0.697529,
  },
  {
    "name": "benchmark/imdb/24b.benchmark",
    "iteration": 4,
    "result": "correct",
    "time": 0.699917,
  },
  {
    "name": "benchmark/imdb/24b.benchmark",
    "iteration": 5,
    "result": "correct",
    "time": 0.700382,
  },
  {
    "name": "benchmark/imdb/25a.benchmark",
    "iteration": 0,
  },
  {
    "name": "benchmark/imdb/25a.benchmark",
    "iteration": 1,
    "result": "correct",
    "time": 1.38027,
  },
  {
    "name": "benchmark/imdb/25a.benchmark",
    "iteration": 2,
    "result": "correct",
    "time": 1.37394,
  },
  {
    "name": "benchmark/imdb/25a.benchmark",
    "iteration": 3,
    "result": "correct",
    "time": 1.37798,
  },
  {
    "name": "benchmark/imdb/25a.benchmark",
    "iteration": 4,
    "result": "correct",
    "time": 1.38955,
  },
  {
    "name": "benchmark/imdb/25a.benchmark",
    "iteration": 5,
    "result": "correct",
    "time": 1.37085,
  },
  {
    "name": "benchmark/imdb/25b.benchmark",
    "iteration": 0,
  },
  {
    "name": "benchmark/imdb/25b.benchmark",
    "iteration": 1,
    "result": "correct",
    "time": 0.337087,
  },
  {
    "name": "benchmark/imdb/25b.benchmark",
    "iteration": 2,
    "result": "correct",
    "time": 0.322411,
  },
  {
    "name": "benchmark/imdb/25b.benchmark",
    "iteration": 3,
    "result": "correct",
    "time": 0.321394,
  },
  {
    "name": "benchmark/imdb/25b.benchmark",
    "iteration": 4,
    "result": "correct",
    "time": 0.32,
  },
  {
    "name": "benchmark/imdb/25b.benchmark",
    "iteration": 5,
    "result": "correct",
    "time": 0.319293,
  },
  {
    "name": "benchmark/imdb/25c.benchmark",
    "iteration": 0,
  },
  {
    "name": "benchmark/imdb/25c.benchmark",
    "iteration": 1,
    "result": "correct",
    "time": 1.6721,
  },
  {
    "name": "benchmark/imdb/25c.benchmark",
    "iteration": 2,
    "result": "correct",
    "time": 1.65813,
  },
  {
    "name": "benchmark/imdb/25c.benchmark",
    "iteration": 3,
    "result": "correct",
    "time": 1.65618,
  },
  {
    "name": "benchmark/imdb/25c.benchmark",
    "iteration": 4,
    "result": "correct",
    "time": 1.6582,
  },
  {
    "name": "benchmark/imdb/25c.benchmark",
    "iteration": 5,
    "result": "correct",
    "time": 1.66826,
  },
  {
    "name": "benchmark/imdb/26a.benchmark",
    "iteration": 0,
  },
  {
    "name": "benchmark/imdb/26a.benchmark",
    "iteration": 1,
    "result": "correct",
    "time": 0.83522,
  },
  {
    "name": "benchmark/imdb/26a.benchmark",
    "iteration": 2,
    "result": "correct",
    "time": 0.821761,
  },
  {
    "name": "benchmark/imdb/26a.benchmark",
    "iteration": 3,
    "result": "correct",
    "time": 0.823482,
  },
  {
    "name": "benchmark/imdb/26a.benchmark",
    "iteration": 4,
    "result": "correct",
    "time": 0.823885,
  },
  {
    "name": "benchmark/imdb/26a.benchmark",
    "iteration": 5,
    "result": "correct",
    "time": 0.824426,
  },
  {
    "name": "benchmark/imdb/26b.benchmark",
    "iteration": 0,
  },
  {
    "name": "benchmark/imdb/26b.benchmark",
    "iteration": 1,
    "result": "correct",
    "time": 0.609481,
  },
  {
    "name": "benchmark/imdb/26b.benchmark",
    "iteration": 2,
    "result": "correct",
    "time": 0.613844,
  },
  {
    "name": "benchmark/imdb/26b.benchmark",
    "iteration": 3,
    "result": "correct",
    "time": 0.608603,
  },
  {
    "name": "benchmark/imdb/26b.benchmark",
    "iteration": 4,
    "result": "correct",
    "time": 0.608564,
  },
  {
    "name": "benchmark/imdb/26b.benchmark",
    "iteration": 5,
    "result": "correct",
    "time": 0.606778,
  },
  {
    "name": "benchmark/imdb/26c.benchmark",
    "iteration": 0,
  },
  {
    "name": "benchmark/imdb/26c.benchmark",
    "iteration": 1,
    "result": "correct",
    "time": 0.786468,
  },
  {
    "name": "benchmark/imdb/26c.benchmark",
    "iteration": 2,
    "result": "correct",
    "time": 0.783711,
  },
  {
    "name": "benchmark/imdb/26c.benchmark",
    "iteration": 3,
    "result": "correct",
    "time": 0.779115,
  },
  {
    "name": "benchmark/imdb/26c.benchmark",
    "iteration": 4,
    "result": "correct",
    "time": 0.783826,
  },
  {
    "name": "benchmark/imdb/26c.benchmark",
    "iteration": 5,
    "result": "correct",
    "time": 0.783458,
  },
  {
    "name": "benchmark/imdb/27a.benchmark",
    "iteration": 0,
  },
  {
    "name": "benchmark/imdb/27a.benchmark",
    "iteration": 1,
    "result": "correct",
    "time": 0.0718352,
  },
  {
    "name": "benchmark/imdb/27a.benchmark",
    "iteration": 2,
    "result": "correct",
    "time": 0.0704074,
  },
  {
    "name": "benchmark/imdb/27a.benchmark",
    "iteration": 3,
    "result": "correct",
    "time": 0.0696032,
  },
  {
    "name": "benchmark/imdb/27a.benchmark",
    "iteration": 4,
    "result": "correct",
    "time": 0.0679108,
  },
  {
    "name": "benchmark/imdb/27a.benchmark",
    "iteration": 5,
    "result": "correct",
    "time": 0.0695771,
  },
  {
    "name": "benchmark/imdb/27b.benchmark",
    "iteration": 0,
  },
  {
    "name": "benchmark/imdb/27b.benchmark",
    "iteration": 1,
    "result": "correct",
    "time": 0.0484423,
  },
  {
    "name": "benchmark/imdb/27b.benchmark",
    "iteration": 2,
    "result": "correct",
    "time": 0.046514,
  },
  {
    "name": "benchmark/imdb/27b.benchmark",
    "iteration": 3,
    "result": "correct",
    "time": 0.0460657,
  },
  {
    "name": "benchmark/imdb/27b.benchmark",
    "iteration": 4,
    "result": "correct",
    "time": 0.0460528,
  },
  {
    "name": "benchmark/imdb/27b.benchmark",
    "iteration": 5,
    "result": "correct",
    "time": 0.0461195,
  },
  {
    "name": "benchmark/imdb/27c.benchmark",
    "iteration": 0,
  },
  {
    "name": "benchmark/imdb/27c.benchmark",
    "iteration": 1,
    "result": "correct",
    "time": 0.0745833,
  },
  {
    "name": "benchmark/imdb/27c.benchmark",
    "iteration": 2,
    "result": "correct",
    "time": 0.0746918,
  },
  {
    "name": "benchmark/imdb/27c.benchmark",
    "iteration": 3,
    "result": "correct",
    "time": 0.0726994,
  },
  {
    "name": "benchmark/imdb/27c.benchmark",
    "iteration": 4,
    "result": "correct",
    "time": 0.0740132,
  },
  {
    "name": "benchmark/imdb/27c.benchmark",
    "iteration": 5,
    "result": "correct",
    "time": 0.0739141,
  },
  {
    "name": "benchmark/imdb/28a.benchmark",
    "iteration": 0,
  },
  {
    "name": "benchmark/imdb/28a.benchmark",
    "iteration": 1,
    "result": "correct",
    "time": 1.10775,
  },
  {
    "name": "benchmark/imdb/28a.benchmark",
    "iteration": 2,
    "result": "correct",
    "time": 1.11115,
  },
  {
    "name": "benchmark/imdb/28a.benchmark",
    "iteration": 3,
    "result": "correct",
    "time": 1.11078,
  },
  {
    "name": "benchmark/imdb/28a.benchmark",
    "iteration": 4,
    "result": "correct",
    "time": 1.11234,
  },
  {
    "name": "benchmark/imdb/28a.benchmark",
    "iteration": 5,
    "result": "correct",
    "time": 1.11063,
  },
  {
    "name": "benchmark/imdb/28b.benchmark",
    "iteration": 0,
  },
  {
    "name": "benchmark/imdb/28b.benchmark",
    "iteration": 1,
    "result": "correct",
    "time": 0.713462,
  },
  {
    "name": "benchmark/imdb/28b.benchmark",
    "iteration": 2,
    "result": "correct",
    "time": 0.70984,
  },
  {
    "name": "benchmark/imdb/28b.benchmark",
    "iteration": 3,
    "result": "correct",
    "time": 0.712285,
  },
  {
    "name": "benchmark/imdb/28b.benchmark",
    "iteration": 4,
    "result": "correct",
    "time": 0.714209,
  },
  {
    "name": "benchmark/imdb/28b.benchmark",
    "iteration": 5,
    "result": "correct",
    "time": 0.712267,
  },
  {
    "name": "benchmark/imdb/28c.benchmark",
    "iteration": 0,
  },
  {
    "name": "benchmark/imdb/28c.benchmark",
    "iteration": 1,
    "result": "correct",
    "time": 1.13743,
  },
  {
    "name": "benchmark/imdb/28c.benchmark",
    "iteration": 2,
    "result": "correct",
    "time": 1.1367,
  },
  {
    "name": "benchmark/imdb/28c.benchmark",
    "iteration": 3,
    "result": "correct",
    "time": 1.12964,
  },
  {
    "name": "benchmark/imdb/28c.benchmark",
    "iteration": 4,
    "result": "correct",
    "time": 1.13276,
  },
  {
    "name": "benchmark/imdb/28c.benchmark",
    "iteration": 5,
    "result": "correct",
    "time": 1.13936,
  },
  {
    "name": "benchmark/imdb/29a.benchmark",
    "iteration": 0,
  },
  {
    "name": "benchmark/imdb/29a.benchmark",
    "iteration": 1,
    "result": "correct",
    "time": 0.364886,
  },
  {
    "name": "benchmark/imdb/29a.benchmark",
    "iteration": 2,
    "result": "correct",
    "time": 0.366044,
  },
  {
    "name": "benchmark/imdb/29a.benchmark",
    "iteration": 3,
    "result": "correct",
    "time": 0.363245,
  },
  {
    "name": "benchmark/imdb/29a.benchmark",
    "iteration": 4,
    "result": "correct",
    "time": 0.368644,
  },
  {
    "name": "benchmark/imdb/29a.benchmark",
    "iteration": 5,
    "result": "correct",
    "time": 0.379468,
  },
  {
    "name": "benchmark/imdb/29b.benchmark",
    "iteration": 0,
  },
  {
    "name": "benchmark/imdb/29b.benchmark",
    "iteration": 1,
    "result": "correct",
    "time": 0.560398,
  },
  {
    "name": "benchmark/imdb/29b.benchmark",
    "iteration": 2,
    "result": "correct",
    "time": 0.560218,
  },
  {
    "name": "benchmark/imdb/29b.benchmark",
    "iteration": 3,
    "result": "correct",
    "time": 0.559801,
  },
  {
    "name": "benchmark/imdb/29b.benchmark",
    "iteration": 4,
    "result": "correct",
    "time": 0.562358,
  },
  {
    "name": "benchmark/imdb/29b.benchmark",
    "iteration": 5,
    "result": "correct",
    "time": 0.560095,
  },
  {
    "name": "benchmark/imdb/29c.benchmark",
    "iteration": 0,
  },
  {
    "name": "benchmark/imdb/29c.benchmark",
    "iteration": 1,
    "result": "correct",
    "time": 1.43989,
  },
  {
    "name": "benchmark/imdb/29c.benchmark",
    "iteration": 2,
    "result": "correct",
    "time": 1.44167,
  },
  {
    "name": "benchmark/imdb/29c.benchmark",
    "iteration": 3,
    "result": "correct",
    "time": 1.433,
  },
  {
    "name": "benchmark/imdb/29c.benchmark",
    "iteration": 4,
    "result": "correct",
    "time": 1.43237,
  },
  {
    "name": "benchmark/imdb/29c.benchmark",
    "iteration": 5,
    "result": "correct",
    "time": 1.43831,
  },
  {
    "name": "benchmark/imdb/30a.benchmark",
    "iteration": 0,
  },
  {
    "name": "benchmark/imdb/30a.benchmark",
    "iteration": 1,
    "result": "correct",
    "time": 1.22404,
  },
  {
    "name": "benchmark/imdb/30a.benchmark",
    "iteration": 2,
    "result": "correct",
    "time": 1.20793,
  },
  {
    "name": "benchmark/imdb/30a.benchmark",
    "iteration": 3,
    "result": "correct",
    "time": 1.20393,
  },
  {
    "name": "benchmark/imdb/30a.benchmark",
    "iteration": 4,
    "result": "correct",
    "time": 1.20468,
  },
  {
    "name": "benchmark/imdb/30a.benchmark",
    "iteration": 5,
    "result": "correct",
    "time": 1.21309,
  },
  {
    "name": "benchmark/imdb/30b.benchmark",
    "iteration": 0,
  },
  {
    "name": "benchmark/imdb/30b.benchmark",
    "iteration": 1,
    "result": "correct",
    "time": 0.784691,
  },
  {
    "name": "benchmark/imdb/30b.benchmark",
    "iteration": 2,
    "result": "correct",
    "time": 0.782895,
  },
  {
    "name": "benchmark/imdb/30b.benchmark",
    "iteration": 3,
    "result": "correct",
    "time": 0.78053,
  },
  {
    "name": "benchmark/imdb/30b.benchmark",
    "iteration": 4,
    "result": "correct",
    "time": 0.787371,
  },
  {
    "name": "benchmark/imdb/30b.benchmark",
    "iteration": 5,
    "result": "correct",
    "time": 0.784211,
  },
  {
    "name": "benchmark/imdb/30c.benchmark",
    "iteration": 0,
  },
  {
    "name": "benchmark/imdb/30c.benchmark",
    "iteration": 1,
    "result": "correct",
    "time": 1.48649,
  },
  {
    "name": "benchmark/imdb/30c.benchmark",
    "iteration": 2,
    "result": "correct",
    "time": 1.4614,
  },
  {
    "name": "benchmark/imdb/30c.benchmark",
    "iteration": 3,
    "result": "correct",
    "time": 1.45837,
  },
  {
    "name": "benchmark/imdb/30c.benchmark",
    "iteration": 4,
    "result": "correct",
    "time": 1.47828,
  },
  {
    "name": "benchmark/imdb/30c.benchmark",
    "iteration": 5,
    "result": "correct",
    "time": 1.47465,
  },
  {
    "name": "benchmark/imdb/31a.benchmark",
    "iteration": 0,
  },
  {
    "name": "benchmark/imdb/31a.benchmark",
    "iteration": 1,
    "result": "correct",
    "time": 1.04117,
  },
  {
    "name": "benchmark/imdb/31a.benchmark",
    "iteration": 2,
    "result": "correct",
    "time": 1.05058,
  },
  {
    "name": "benchmark/imdb/31a.benchmark",
    "iteration": 3,
    "result": "correct",
    "time": 1.03495,
  },
  {
    "name": "benchmark/imdb/31a.benchmark",
    "iteration": 4,
    "result": "correct",
    "time": 1.03412,
  },
  {
    "name": "benchmark/imdb/31a.benchmark",
    "iteration": 5,
    "result": "correct",
    "time": 1.03162,
  },
  {
    "name": "benchmark/imdb/31b.benchmark",
    "iteration": 0,
  },
  {
    "name": "benchmark/imdb/31b.benchmark",
    "iteration": 1,
    "result": "correct",
    "time": 0.401309,
  },
  {
    "name": "benchmark/imdb/31b.benchmark",
    "iteration": 2,
    "result": "correct",
    "time": 0.395506,
  },
  {
    "name": "benchmark/imdb/31b.benchmark",
    "iteration": 3,
    "result": "correct",
    "time": 0.395194,
  },
  {
    "name": "benchmark/imdb/31b.benchmark",
    "iteration": 4,
    "result": "correct",
    "time": 0.39791,
  },
  {
    "name": "benchmark/imdb/31b.benchmark",
    "iteration": 5,
    "result": "correct",
    "time": 0.394469,
  },
  {
    "name": "benchmark/imdb/31c.benchmark",
    "iteration": 0,
  },
  {
    "name": "benchmark/imdb/31c.benchmark",
    "iteration": 1,
    "result": "correct",
    "time": 1.2823,
  },
  {
    "name": "benchmark/imdb/31c.benchmark",
    "iteration": 2,
    "result": "correct",
    "time": 1.27778,
  },
  {
    "name": "benchmark/imdb/31c.benchmark",
    "iteration": 3,
    "result": "correct",
    "time": 1.27806,
  },
  {
    "name": "benchmark/imdb/31c.benchmark",
    "iteration": 4,
    "result": "correct",
    "time": 1.27133,
  },
  {
    "name": "benchmark/imdb/31c.benchmark",
    "iteration": 5,
    "result": "correct",
    "time": 1.26857,
  },
  {
    "name": "benchmark/imdb/32a.benchmark",
    "iteration": 0,
  },
  {
    "name": "benchmark/imdb/32a.benchmark",
    "iteration": 1,
    "result": "correct",
    "time": 0.0093164,
  },
  {
    "name": "benchmark/imdb/32a.benchmark",
    "iteration": 2,
    "result": "correct",
    "time": 0.00824533,
  },
  {
    "name": "benchmark/imdb/32a.benchmark",
    "iteration": 3,
    "result": "correct",
    "time": 0.00844909,
  },
  {
    "name": "benchmark/imdb/32a.benchmark",
    "iteration": 4,
    "result": "correct",
    "time": 0.00815608,
  },
  {
    "name": "benchmark/imdb/32a.benchmark",
    "iteration": 5,
    "result": "correct",
    "time": 0.00849677,
  },
  {
    "name": "benchmark/imdb/32b.benchmark",
    "iteration": 0,
  },
  {
    "name": "benchmark/imdb/32b.benchmark",
    "iteration": 1,
    "result": "correct",
    "time": 0.153751,
  },
  {
    "name": "benchmark/imdb/32b.benchmark",
    "iteration": 2,
    "result": "correct",
    "time": 0.153227,
  },
  {
    "name": "benchmark/imdb/32b.benchmark",
    "iteration": 3,
    "result": "correct",
    "time": 0.15466,
  },
  {
    "name": "benchmark/imdb/32b.benchmark",
    "iteration": 4,
    "result": "correct",
    "time": 0.151327,
  },
  {
    "name": "benchmark/imdb/32b.benchmark",
    "iteration": 5,
    "result": "correct",
    "time": 0.153879,
  },
  {
    "name": "benchmark/imdb/33a.benchmark",
    "iteration": 0,
  },
  {
    "name": "benchmark/imdb/33a.benchmark",
    "iteration": 1,
    "result": "correct",
    "time": 0.0774411,
  },
  {
    "name": "benchmark/imdb/33a.benchmark",
    "iteration": 2,
    "result": "correct",
    "time": 0.0764858,
  },
  {
    "name": "benchmark/imdb/33a.benchmark",
    "iteration": 3,
    "result": "correct",
    "time": 0.0778052,
  },
  {
    "name": "benchmark/imdb/33a.benchmark",
    "iteration": 4,
    "result": "correct",
    "time": 0.0771356,
  },
  {
    "name": "benchmark/imdb/33a.benchmark",
    "iteration": 5,
    "result": "correct",
    "time": 0.0767587,
  },
  {
    "name": "benchmark/imdb/33b.benchmark",
    "iteration": 0,
  },
  {
    "name": "benchmark/imdb/33b.benchmark",
    "iteration": 1,
    "result": "correct",
    "time": 0.111399,
  },
  {
    "name": "benchmark/imdb/33b.benchmark",
    "iteration": 2,
    "result": "correct",
    "time": 0.110442,
  },
  {
    "name": "benchmark/imdb/33b.benchmark",
    "iteration": 3,
    "result": "correct",
    "time": 0.109267,
  },
  {
    "name": "benchmark/imdb/33b.benchmark",
    "iteration": 4,
    "result": "correct",
    "time": 0.108937,
  },
  {
    "name": "benchmark/imdb/33b.benchmark",
    "iteration": 5,
    "result": "correct",
    "time": 0.108567,
  },
  {
    "name": "benchmark/imdb/33c.benchmark",
    "iteration": 0,
  },
  {
    "name": "benchmark/imdb/33c.benchmark",
    "iteration": 1,
    "result": "correct",
    "time": 0.151244,
  },
  {
    "name": "benchmark/imdb/33c.benchmark",
    "iteration": 2,
    "result": "correct",
    "time": 0.144427,
  },
  {
    "name": "benchmark/imdb/33c.benchmark",
    "iteration": 3,
    "result": "correct",
    "time": 0.150271,
  },
  {
    "name": "benchmark/imdb/33c.benchmark",
    "iteration": 4,
    "result": "correct",
    "time": 0.144635,
  },
  {
    "name": "benchmark/imdb/33c.benchmark",
    "iteration": 5,
    "result": "correct",
    "time": 0.144872,
  },
]
