[
  {
    "name": "benchmark/imdb_parachute/02a.benchmark",
    "iteration": 0,
    "num_bloom_filters_in_scan": 0,
    "num_bloom_filters_in_scan": 0,
    "num_bloom_filters_in_scan": 0,
    "num_bloom_filters_in_scan": 0,
    "num_bloom_filters_in_scan": 0,
  },
  {
    "name": "benchmark/imdb_parachute/02a.benchmark",
    "iteration": 1,
    "num_bloom_filters_in_scan": 0,
    "num_bloom_filters_in_scan": 0,
    "num_bloom_filters_in_scan": 0,
    "num_bloom_filters_in_scan": 0,
    "num_bloom_filters_in_scan": 0,
    "result": "correct",
    "time": 0.107156,
  },
  {
    "name": "benchmark/imdb_parachute/02a.benchmark",
    "iteration": 2,
    "num_bloom_filters_in_scan": 0,
    "num_bloom_filters_in_scan": 0,
    "num_bloom_filters_in_scan": 0,
    "num_bloom_filters_in_scan": 0,
    "num_bloom_filters_in_scan": 0,
    "result": "correct",
    "time": 0.107511,
  },
  {
    "name": "benchmark/imdb_parachute/02a.benchmark",
    "iteration": 3,
    "num_bloom_filters_in_scan": 0,
    "num_bloom_filters_in_scan": 0,
    "num_bloom_filters_in_scan": 0,
    "num_bloom_filters_in_scan": 0,
    "num_bloom_filters_in_scan": 0,
    "result": "correct",
    "time": 0.10595,
  },
  {
    "name": "benchmark/imdb_parachute/02a.benchmark",
    "iteration": 4,
    "num_bloom_filters_in_scan": 0,
    "num_bloom_filters_in_scan": 0,
    "num_bloom_filters_in_scan": 0,
    "num_bloom_filters_in_scan": 0,
    "num_bloom_filters_in_scan": 0,
    "result": "correct",
    "time": 0.105814,
  },
  {
    "name": "benchmark/imdb_parachute/02a.benchmark",
    "iteration": 5,
    "num_bloom_filters_in_scan": 0,
    "num_bloom_filters_in_scan": 0,
    "num_bloom_filters_in_scan": 0,
    "num_bloom_filters_in_scan": 0,
    "num_bloom_filters_in_scan": 0,
    "result": "correct",
    "time": 0.10737,
  },
  {
    "name": "benchmark/imdb_parachute/02b.benchmark",
    "iteration": 0,
    "num_bloom_filters_in_scan": 0,
    "num_bloom_filters_in_scan": 0,
    "num_bloom_filters_in_scan": 0,
    "num_bloom_filters_in_scan": 0,
    "num_bloom_filters_in_scan": 0,
  },
  {
    "name": "benchmark/imdb_parachute/02b.benchmark",
    "iteration": 1,
    "num_bloom_filters_in_scan": 0,
    "num_bloom_filters_in_scan": 0,
    "num_bloom_filters_in_scan": 0,
    "num_bloom_filters_in_scan": 0,
    "num_bloom_filters_in_scan": 0,
    "result": "correct",
    "time": 0.101932,
  },
  {
    "name": "benchmark/imdb_parachute/02b.benchmark",
    "iteration": 2,
    "num_bloom_filters_in_scan": 0,
    "num_bloom_filters_in_scan": 0,
    "num_bloom_filters_in_scan": 0,
    "num_bloom_filters_in_scan": 0,
    "num_bloom_filters_in_scan": 0,
    "result": "correct",
    "time": 0.102496,
  },
  {
    "name": "benchmark/imdb_parachute/02b.benchmark",
    "iteration": 3,
    "num_bloom_filters_in_scan": 0,
    "num_bloom_filters_in_scan": 0,
    "num_bloom_filters_in_scan": 0,
    "num_bloom_filters_in_scan": 0,
    "num_bloom_filters_in_scan": 0,
    "result": "correct",
    "time": 0.102984,
  },
  {
    "name": "benchmark/imdb_parachute/02b.benchmark",
    "iteration": 4,
    "num_bloom_filters_in_scan": 0,
    "num_bloom_filters_in_scan": 0,
    "num_bloom_filters_in_scan": 0,
    "num_bloom_filters_in_scan": 0,
    "num_bloom_filters_in_scan": 0,
    "result": "correct",
    "time": 0.102742,
  },
  {
    "name": "benchmark/imdb_parachute/02b.benchmark",
    "iteration": 5,
    "num_bloom_filters_in_scan": 0,
    "num_bloom_filters_in_scan": 0,
    "num_bloom_filters_in_scan": 0,
    "num_bloom_filters_in_scan": 0,
    "num_bloom_filters_in_scan": 0,
    "result": "correct",
    "time": 0.101863,
  },
  {
    "name": "benchmark/imdb_parachute/02c.benchmark",
    "iteration": 0,
    "num_bloom_filters_in_scan": 0,
    "num_bloom_filters_in_scan": 0,
    "num_bloom_filters_in_scan": 0,
    "num_bloom_filters_in_scan": 0,
    "num_bloom_filters_in_scan": 0,
  },
  {
    "name": "benchmark/imdb_parachute/02c.benchmark",
    "iteration": 1,
    "num_bloom_filters_in_scan": 0,
    "num_bloom_filters_in_scan": 0,
    "num_bloom_filters_in_scan": 0,
    "num_bloom_filters_in_scan": 0,
    "num_bloom_filters_in_scan": 0,
    "result": "correct",
    "time": 0.013888,
  },
  {
    "name": "benchmark/imdb_parachute/02c.benchmark",
    "iteration": 2,
    "num_bloom_filters_in_scan": 0,
    "num_bloom_filters_in_scan": 0,
    "num_bloom_filters_in_scan": 0,
    "num_bloom_filters_in_scan": 0,
    "num_bloom_filters_in_scan": 0,
    "result": "correct",
    "time": 0.014051,
  },
  {
    "name": "benchmark/imdb_parachute/02c.benchmark",
    "iteration": 3,
    "num_bloom_filters_in_scan": 0,
    "num_bloom_filters_in_scan": 0,
    "num_bloom_filters_in_scan": 0,
    "num_bloom_filters_in_scan": 0,
    "num_bloom_filters_in_scan": 0,
    "result": "correct",
    "time": 0.014428,
  },
  {
    "name": "benchmark/imdb_parachute/02c.benchmark",
    "iteration": 4,
    "num_bloom_filters_in_scan": 0,
    "num_bloom_filters_in_scan": 0,
    "num_bloom_filters_in_scan": 0,
    "num_bloom_filters_in_scan": 0,
    "num_bloom_filters_in_scan": 0,
    "result": "correct",
    "time": 0.014933,
  },
  {
    "name": "benchmark/imdb_parachute/02c.benchmark",
    "iteration": 5,
    "num_bloom_filters_in_scan": 0,
    "num_bloom_filters_in_scan": 0,
    "num_bloom_filters_in_scan": 0,
    "num_bloom_filters_in_scan": 0,
    "num_bloom_filters_in_scan": 0,
    "result": "correct",
    "time": 0.013997,
  },
  {
    "name": "benchmark/imdb_parachute/02d.benchmark",
    "iteration": 0,
    "num_bloom_filters_in_scan": 0,
    "num_bloom_filters_in_scan": 0,
    "num_bloom_filters_in_scan": 0,
    "num_bloom_filters_in_scan": 0,
    "num_bloom_filters_in_scan": 0,
  },
  {
    "name": "benchmark/imdb_parachute/02d.benchmark",
    "iteration": 1,
    "num_bloom_filters_in_scan": 0,
    "num_bloom_filters_in_scan": 0,
    "num_bloom_filters_in_scan": 0,
    "num_bloom_filters_in_scan": 0,
    "num_bloom_filters_in_scan": 0,
    "result": "correct",
    "time": 0.114365,
  },
  {
    "name": "benchmark/imdb_parachute/02d.benchmark",
    "iteration": 2,
    "num_bloom_filters_in_scan": 0,
    "num_bloom_filters_in_scan": 0,
    "num_bloom_filters_in_scan": 0,
    "num_bloom_filters_in_scan": 0,
    "num_bloom_filters_in_scan": 0,
    "result": "correct",
    "time": 0.115789,
  },
  {
    "name": "benchmark/imdb_parachute/02d.benchmark",
    "iteration": 3,
    "num_bloom_filters_in_scan": 0,
    "num_bloom_filters_in_scan": 0,
    "num_bloom_filters_in_scan": 0,
    "num_bloom_filters_in_scan": 0,
    "num_bloom_filters_in_scan": 0,
    "result": "correct",
    "time": 0.114239,
  },
  {
    "name": "benchmark/imdb_parachute/02d.benchmark",
    "iteration": 4,
    "num_bloom_filters_in_scan": 0,
    "num_bloom_filters_in_scan": 0,
    "num_bloom_filters_in_scan": 0,
    "num_bloom_filters_in_scan": 0,
    "num_bloom_filters_in_scan": 0,
    "result": "correct",
    "time": 0.114733,
  },
  {
    "name": "benchmark/imdb_parachute/02d.benchmark",
    "iteration": 5,
    "num_bloom_filters_in_scan": 0,
    "num_bloom_filters_in_scan": 0,
    "num_bloom_filters_in_scan": 0,
    "num_bloom_filters_in_scan": 0,
    "num_bloom_filters_in_scan": 0,
    "result": "correct",
    "time": 0.114639,
  },
  {
    "name": "benchmark/imdb_parachute/03a.benchmark",
    "iteration": 0,
    "num_bloom_filters_in_scan": 0,
    "num_bloom_filters_in_scan": 0,
    "num_bloom_filters_in_scan": 0,
    "num_bloom_filters_in_scan": 0,
  },
  {
    "name": "benchmark/imdb_parachute/03a.benchmark",
    "iteration": 1,
    "num_bloom_filters_in_scan": 0,
    "num_bloom_filters_in_scan": 0,
    "num_bloom_filters_in_scan": 0,
    "num_bloom_filters_in_scan": 0,
    "result": "correct",
    "time": 0.317992,
  },
  {
    "name": "benchmark/imdb_parachute/03a.benchmark",
    "iteration": 2,
    "num_bloom_filters_in_scan": 0,
    "num_bloom_filters_in_scan": 0,
    "num_bloom_filters_in_scan": 0,
    "num_bloom_filters_in_scan": 0,
    "result": "correct",
    "time": 0.319924,
  },
  {
    "name": "benchmark/imdb_parachute/03a.benchmark",
    "iteration": 3,
    "num_bloom_filters_in_scan": 0,
    "num_bloom_filters_in_scan": 0,
    "num_bloom_filters_in_scan": 0,
    "num_bloom_filters_in_scan": 0,
    "result": "correct",
    "time": 0.318942,
  },
  {
    "name": "benchmark/imdb_parachute/03a.benchmark",
    "iteration": 4,
    "num_bloom_filters_in_scan": 0,
    "num_bloom_filters_in_scan": 0,
    "num_bloom_filters_in_scan": 0,
    "num_bloom_filters_in_scan": 0,
    "result": "correct",
    "time": 0.316954,
  },
  {
    "name": "benchmark/imdb_parachute/03a.benchmark",
    "iteration": 5,
    "num_bloom_filters_in_scan": 0,
    "num_bloom_filters_in_scan": 0,
    "num_bloom_filters_in_scan": 0,
    "num_bloom_filters_in_scan": 0,
    "result": "correct",
    "time": 0.315308,
  },
  {
    "name": "benchmark/imdb_parachute/03b.benchmark",
    "iteration": 0,
    "num_bloom_filters_in_scan": 0,
    "num_bloom_filters_in_scan": 0,
    "num_bloom_filters_in_scan": 0,
    "num_bloom_filters_in_scan": 0,
  },
  {
    "name": "benchmark/imdb_parachute/03b.benchmark",
    "iteration": 1,
    "num_bloom_filters_in_scan": 0,
    "num_bloom_filters_in_scan": 0,
    "num_bloom_filters_in_scan": 0,
    "num_bloom_filters_in_scan": 0,
    "result": "correct",
    "time": 0.182175,
  },
  {
    "name": "benchmark/imdb_parachute/03b.benchmark",
    "iteration": 2,
    "num_bloom_filters_in_scan": 0,
    "num_bloom_filters_in_scan": 0,
    "num_bloom_filters_in_scan": 0,
    "num_bloom_filters_in_scan": 0,
    "result": "correct",
    "time": 0.171892,
  },
  {
    "name": "benchmark/imdb_parachute/03b.benchmark",
    "iteration": 3,
    "num_bloom_filters_in_scan": 0,
    "num_bloom_filters_in_scan": 0,
    "num_bloom_filters_in_scan": 0,
    "num_bloom_filters_in_scan": 0,
    "result": "correct",
    "time": 0.174509,
  },
  {
    "name": "benchmark/imdb_parachute/03b.benchmark",
    "iteration": 4,
    "num_bloom_filters_in_scan": 0,
    "num_bloom_filters_in_scan": 0,
    "num_bloom_filters_in_scan": 0,
    "num_bloom_filters_in_scan": 0,
    "result": "correct",
    "time": 0.183777,
  },
  {
    "name": "benchmark/imdb_parachute/03b.benchmark",
    "iteration": 5,
    "num_bloom_filters_in_scan": 0,
    "num_bloom_filters_in_scan": 0,
    "num_bloom_filters_in_scan": 0,
    "num_bloom_filters_in_scan": 0,
    "result": "correct",
    "time": 0.18312,
  },
  {
    "name": "benchmark/imdb_parachute/03c.benchmark",
    "iteration": 0,
    "num_bloom_filters_in_scan": 0,
    "num_bloom_filters_in_scan": 0,
    "num_bloom_filters_in_scan": 0,
    "num_bloom_filters_in_scan": 0,
  },
  {
    "name": "benchmark/imdb_parachute/03c.benchmark",
    "iteration": 1,
    "num_bloom_filters_in_scan": 0,
    "num_bloom_filters_in_scan": 0,
    "num_bloom_filters_in_scan": 0,
    "num_bloom_filters_in_scan": 0,
    "result": "correct",
    "time": 0.449497,
  },
  {
    "name": "benchmark/imdb_parachute/03c.benchmark",
    "iteration": 2,
    "num_bloom_filters_in_scan": 0,
    "num_bloom_filters_in_scan": 0,
    "num_bloom_filters_in_scan": 0,
    "num_bloom_filters_in_scan": 0,
    "result": "correct",
    "time": 0.384353,
  },
  {
    "name": "benchmark/imdb_parachute/03c.benchmark",
    "iteration": 3,
    "num_bloom_filters_in_scan": 0,
    "num_bloom_filters_in_scan": 0,
    "num_bloom_filters_in_scan": 0,
    "num_bloom_filters_in_scan": 0,
    "result": "correct",
    "time": 0.395322,
  },
  {
    "name": "benchmark/imdb_parachute/03c.benchmark",
    "iteration": 4,
    "num_bloom_filters_in_scan": 0,
    "num_bloom_filters_in_scan": 0,
    "num_bloom_filters_in_scan": 0,
    "num_bloom_filters_in_scan": 0,
    "result": "correct",
    "time": 0.394703,
  },
  {
    "name": "benchmark/imdb_parachute/03c.benchmark",
    "iteration": 5,
    "num_bloom_filters_in_scan": 0,
    "num_bloom_filters_in_scan": 0,
    "num_bloom_filters_in_scan": 0,
    "num_bloom_filters_in_scan": 0,
    "result": "correct",
    "time": 0.385304,
  },
  {
    "name": "benchmark/imdb_parachute/04a.benchmark",
    "iteration": 0,
    "num_bloom_filters_in_scan": 0,
    "num_bloom_filters_in_scan": 0,
    "num_bloom_filters_in_scan": 0,
    "num_bloom_filters_in_scan": 0,
    "num_bloom_filters_in_scan": 0,
  },
  {
    "name": "benchmark/imdb_parachute/04a.benchmark",
    "iteration": 1,
    "num_bloom_filters_in_scan": 0,
    "num_bloom_filters_in_scan": 0,
    "num_bloom_filters_in_scan": 0,
    "num_bloom_filters_in_scan": 0,
    "num_bloom_filters_in_scan": 0,
    "result": "correct",
    "time": 0.097998,
  },
  {
    "name": "benchmark/imdb_parachute/04a.benchmark",
    "iteration": 2,
    "num_bloom_filters_in_scan": 0,
    "num_bloom_filters_in_scan": 0,
    "num_bloom_filters_in_scan": 0,
    "num_bloom_filters_in_scan": 0,
    "num_bloom_filters_in_scan": 0,
    "result": "correct",
    "time": 0.136315,
  },
  {
    "name": "benchmark/imdb_parachute/04a.benchmark",
    "iteration": 3,
    "num_bloom_filters_in_scan": 0,
    "num_bloom_filters_in_scan": 0,
    "num_bloom_filters_in_scan": 0,
    "num_bloom_filters_in_scan": 0,
    "num_bloom_filters_in_scan": 0,
    "result": "correct",
    "time": 0.096053,
  },
  {
    "name": "benchmark/imdb_parachute/04a.benchmark",
    "iteration": 4,
    "num_bloom_filters_in_scan": 0,
    "num_bloom_filters_in_scan": 0,
    "num_bloom_filters_in_scan": 0,
    "num_bloom_filters_in_scan": 0,
    "num_bloom_filters_in_scan": 0,
    "result": "correct",
    "time": 0.096228,
  },
  {
    "name": "benchmark/imdb_parachute/04a.benchmark",
    "iteration": 5,
    "num_bloom_filters_in_scan": 0,
    "num_bloom_filters_in_scan": 0,
    "num_bloom_filters_in_scan": 0,
    "num_bloom_filters_in_scan": 0,
    "num_bloom_filters_in_scan": 0,
    "result": "correct",
    "time": 0.09465,
  },
  {
    "name": "benchmark/imdb_parachute/04b.benchmark",
    "iteration": 0,
    "num_bloom_filters_in_scan": 0,
    "num_bloom_filters_in_scan": 0,
    "num_bloom_filters_in_scan": 0,
    "num_bloom_filters_in_scan": 0,
    "num_bloom_filters_in_scan": 0,
  },
  {
    "name": "benchmark/imdb_parachute/04b.benchmark",
    "iteration": 1,
    "num_bloom_filters_in_scan": 0,
    "num_bloom_filters_in_scan": 0,
    "num_bloom_filters_in_scan": 0,
    "num_bloom_filters_in_scan": 0,
    "num_bloom_filters_in_scan": 0,
    "result": "correct",
    "time": 0.054288,
  },
  {
    "name": "benchmark/imdb_parachute/04b.benchmark",
    "iteration": 2,
    "num_bloom_filters_in_scan": 0,
    "num_bloom_filters_in_scan": 0,
    "num_bloom_filters_in_scan": 0,
    "num_bloom_filters_in_scan": 0,
    "num_bloom_filters_in_scan": 0,
    "result": "correct",
    "time": 0.055788,
  },
  {
    "name": "benchmark/imdb_parachute/04b.benchmark",
    "iteration": 3,
    "num_bloom_filters_in_scan": 0,
    "num_bloom_filters_in_scan": 0,
    "num_bloom_filters_in_scan": 0,
    "num_bloom_filters_in_scan": 0,
    "num_bloom_filters_in_scan": 0,
    "result": "correct",
    "time": 0.057262,
  },
  {
    "name": "benchmark/imdb_parachute/04b.benchmark",
    "iteration": 4,
    "num_bloom_filters_in_scan": 0,
    "num_bloom_filters_in_scan": 0,
    "num_bloom_filters_in_scan": 0,
    "num_bloom_filters_in_scan": 0,
    "num_bloom_filters_in_scan": 0,
    "result": "correct",
    "time": 0.056187,
  },
  {
    "name": "benchmark/imdb_parachute/04b.benchmark",
    "iteration": 5,
    "num_bloom_filters_in_scan": 0,
    "num_bloom_filters_in_scan": 0,
    "num_bloom_filters_in_scan": 0,
    "num_bloom_filters_in_scan": 0,
    "num_bloom_filters_in_scan": 0,
    "result": "correct",
    "time": 0.057183,
  },
  {
    "name": "benchmark/imdb_parachute/04c.benchmark",
    "iteration": 0,
    "num_bloom_filters_in_scan": 0,
    "num_bloom_filters_in_scan": 0,
    "num_bloom_filters_in_scan": 0,
    "num_bloom_filters_in_scan": 0,
    "num_bloom_filters_in_scan": 0,
  },
  {
    "name": "benchmark/imdb_parachute/04c.benchmark",
    "iteration": 1,
    "num_bloom_filters_in_scan": 0,
    "num_bloom_filters_in_scan": 0,
    "num_bloom_filters_in_scan": 0,
    "num_bloom_filters_in_scan": 0,
    "num_bloom_filters_in_scan": 0,
    "result": "correct",
    "time": 0.136439,
  },
  {
    "name": "benchmark/imdb_parachute/04c.benchmark",
    "iteration": 2,
    "num_bloom_filters_in_scan": 0,
    "num_bloom_filters_in_scan": 0,
    "num_bloom_filters_in_scan": 0,
    "num_bloom_filters_in_scan": 0,
    "num_bloom_filters_in_scan": 0,
    "result": "correct",
    "time": 0.136087,
  },
  {
    "name": "benchmark/imdb_parachute/04c.benchmark",
    "iteration": 3,
    "num_bloom_filters_in_scan": 0,
    "num_bloom_filters_in_scan": 0,
    "num_bloom_filters_in_scan": 0,
    "num_bloom_filters_in_scan": 0,
    "num_bloom_filters_in_scan": 0,
    "result": "correct",
    "time": 0.131705,
  },
  {
    "name": "benchmark/imdb_parachute/04c.benchmark",
    "iteration": 4,
    "num_bloom_filters_in_scan": 0,
    "num_bloom_filters_in_scan": 0,
    "num_bloom_filters_in_scan": 0,
    "num_bloom_filters_in_scan": 0,
    "num_bloom_filters_in_scan": 0,
    "result": "correct",
    "time": 0.132176,
  },
  {
    "name": "benchmark/imdb_parachute/04c.benchmark",
    "iteration": 5,
    "num_bloom_filters_in_scan": 0,
    "num_bloom_filters_in_scan": 0,
    "num_bloom_filters_in_scan": 0,
    "num_bloom_filters_in_scan": 0,
    "num_bloom_filters_in_scan": 0,
    "result": "correct",
    "time": 0.135445,
  },
  {
    "name": "benchmark/imdb_parachute/05a.benchmark",
    "iteration": 0,
    "num_bloom_filters_in_scan": 0,
    "num_bloom_filters_in_scan": 0,
    "num_bloom_filters_in_scan": 0,
    "num_bloom_filters_in_scan": 0,
    "num_bloom_filters_in_scan": 0,
  },
  {
    "name": "benchmark/imdb_parachute/05a.benchmark",
    "iteration": 1,
    "num_bloom_filters_in_scan": 0,
    "num_bloom_filters_in_scan": 0,
    "num_bloom_filters_in_scan": 0,
    "num_bloom_filters_in_scan": 0,
    "num_bloom_filters_in_scan": 0,
    "result": "correct",
    "time": 0.265985,
  },
  {
    "name": "benchmark/imdb_parachute/05a.benchmark",
    "iteration": 2,
    "num_bloom_filters_in_scan": 0,
    "num_bloom_filters_in_scan": 0,
    "num_bloom_filters_in_scan": 0,
    "num_bloom_filters_in_scan": 0,
    "num_bloom_filters_in_scan": 0,
    "result": "correct",
    "time": 0.265358,
  },
  {
    "name": "benchmark/imdb_parachute/05a.benchmark",
    "iteration": 3,
    "num_bloom_filters_in_scan": 0,
    "num_bloom_filters_in_scan": 0,
    "num_bloom_filters_in_scan": 0,
    "num_bloom_filters_in_scan": 0,
    "num_bloom_filters_in_scan": 0,
    "result": "correct",
    "time": 0.264798,
  },
  {
    "name": "benchmark/imdb_parachute/05a.benchmark",
    "iteration": 4,
    "num_bloom_filters_in_scan": 0,
    "num_bloom_filters_in_scan": 0,
    "num_bloom_filters_in_scan": 0,
    "num_bloom_filters_in_scan": 0,
    "num_bloom_filters_in_scan": 0,
    "result": "correct",
    "time": 0.261867,
  },
  {
    "name": "benchmark/imdb_parachute/05a.benchmark",
    "iteration": 5,
    "num_bloom_filters_in_scan": 0,
    "num_bloom_filters_in_scan": 0,
    "num_bloom_filters_in_scan": 0,
    "num_bloom_filters_in_scan": 0,
    "num_bloom_filters_in_scan": 0,
    "result": "correct",
    "time": 0.264871,
  },
  {
    "name": "benchmark/imdb_parachute/05b.benchmark",
    "iteration": 0,
    "num_bloom_filters_in_scan": 0,
    "num_bloom_filters_in_scan": 0,
    "num_bloom_filters_in_scan": 0,
    "num_bloom_filters_in_scan": 0,
    "num_bloom_filters_in_scan": 0,
  },
  {
    "name": "benchmark/imdb_parachute/05b.benchmark",
    "iteration": 1,
    "num_bloom_filters_in_scan": 0,
    "num_bloom_filters_in_scan": 0,
    "num_bloom_filters_in_scan": 0,
    "num_bloom_filters_in_scan": 0,
    "num_bloom_filters_in_scan": 0,
    "result": "correct",
    "time": 0.045335,
  },
  {
    "name": "benchmark/imdb_parachute/05b.benchmark",
    "iteration": 2,
    "num_bloom_filters_in_scan": 0,
    "num_bloom_filters_in_scan": 0,
    "num_bloom_filters_in_scan": 0,
    "num_bloom_filters_in_scan": 0,
    "num_bloom_filters_in_scan": 0,
    "result": "correct",
    "time": 0.042959,
  },
  {
    "name": "benchmark/imdb_parachute/05b.benchmark",
    "iteration": 3,
    "num_bloom_filters_in_scan": 0,
    "num_bloom_filters_in_scan": 0,
    "num_bloom_filters_in_scan": 0,
    "num_bloom_filters_in_scan": 0,
    "num_bloom_filters_in_scan": 0,
    "result": "correct",
    "time": 0.043988,
  },
  {
    "name": "benchmark/imdb_parachute/05b.benchmark",
    "iteration": 4,
    "num_bloom_filters_in_scan": 0,
    "num_bloom_filters_in_scan": 0,
    "num_bloom_filters_in_scan": 0,
    "num_bloom_filters_in_scan": 0,
    "num_bloom_filters_in_scan": 0,
    "result": "correct",
    "time": 0.043786,
  },
  {
    "name": "benchmark/imdb_parachute/05b.benchmark",
    "iteration": 5,
    "num_bloom_filters_in_scan": 0,
    "num_bloom_filters_in_scan": 0,
    "num_bloom_filters_in_scan": 0,
    "num_bloom_filters_in_scan": 0,
    "num_bloom_filters_in_scan": 0,
    "result": "correct",
    "time": 0.042561,
  },
  {
    "name": "benchmark/imdb_parachute/05c.benchmark",
    "iteration": 0,
    "num_bloom_filters_in_scan": 0,
    "num_bloom_filters_in_scan": 0,
    "num_bloom_filters_in_scan": 0,
    "num_bloom_filters_in_scan": 0,
    "num_bloom_filters_in_scan": 0,
  },
  {
    "name": "benchmark/imdb_parachute/05c.benchmark",
    "iteration": 1,
    "num_bloom_filters_in_scan": 0,
    "num_bloom_filters_in_scan": 0,
    "num_bloom_filters_in_scan": 0,
    "num_bloom_filters_in_scan": 0,
    "num_bloom_filters_in_scan": 0,
    "result": "correct",
    "time": 0.397718,
  },
  {
    "name": "benchmark/imdb_parachute/05c.benchmark",
    "iteration": 2,
    "num_bloom_filters_in_scan": 0,
    "num_bloom_filters_in_scan": 0,
    "num_bloom_filters_in_scan": 0,
    "num_bloom_filters_in_scan": 0,
    "num_bloom_filters_in_scan": 0,
    "result": "correct",
    "time": 0.39325,
  },
  {
    "name": "benchmark/imdb_parachute/05c.benchmark",
    "iteration": 3,
    "num_bloom_filters_in_scan": 0,
    "num_bloom_filters_in_scan": 0,
    "num_bloom_filters_in_scan": 0,
    "num_bloom_filters_in_scan": 0,
    "num_bloom_filters_in_scan": 0,
    "result": "correct",
    "time": 0.39908,
  },
  {
    "name": "benchmark/imdb_parachute/05c.benchmark",
    "iteration": 4,
    "num_bloom_filters_in_scan": 0,
    "num_bloom_filters_in_scan": 0,
    "num_bloom_filters_in_scan": 0,
    "num_bloom_filters_in_scan": 0,
    "num_bloom_filters_in_scan": 0,
    "result": "correct",
    "time": 0.388164,
  },
  {
    "name": "benchmark/imdb_parachute/05c.benchmark",
    "iteration": 5,
    "num_bloom_filters_in_scan": 0,
    "num_bloom_filters_in_scan": 0,
    "num_bloom_filters_in_scan": 0,
    "num_bloom_filters_in_scan": 0,
    "num_bloom_filters_in_scan": 0,
    "result": "correct",
    "time": 0.401265,
  },
  {
    "name": "benchmark/imdb_parachute/06a.benchmark",
    "iteration": 0,
    "num_bloom_filters_in_scan": 0,
    "num_bloom_filters_in_scan": 0,
    "num_bloom_filters_in_scan": 0,
    "num_bloom_filters_in_scan": 0,
    "num_bloom_filters_in_scan": 0,
  },
  {
    "name": "benchmark/imdb_parachute/06a.benchmark",
    "iteration": 1,
    "num_bloom_filters_in_scan": 0,
    "num_bloom_filters_in_scan": 0,
    "num_bloom_filters_in_scan": 0,
    "num_bloom_filters_in_scan": 0,
    "num_bloom_filters_in_scan": 0,
    "result": "correct",
    "time": 0.08624,
  },
  {
    "name": "benchmark/imdb_parachute/06a.benchmark",
    "iteration": 2,
    "num_bloom_filters_in_scan": 0,
    "num_bloom_filters_in_scan": 0,
    "num_bloom_filters_in_scan": 0,
    "num_bloom_filters_in_scan": 0,
    "num_bloom_filters_in_scan": 0,
    "result": "correct",
    "time": 0.082782,
  },
  {
    "name": "benchmark/imdb_parachute/06a.benchmark",
    "iteration": 3,
    "num_bloom_filters_in_scan": 0,
    "num_bloom_filters_in_scan": 0,
    "num_bloom_filters_in_scan": 0,
    "num_bloom_filters_in_scan": 0,
    "num_bloom_filters_in_scan": 0,
    "result": "correct",
    "time": 0.085418,
  },
  {
    "name": "benchmark/imdb_parachute/06a.benchmark",
    "iteration": 4,
    "num_bloom_filters_in_scan": 0,
    "num_bloom_filters_in_scan": 0,
    "num_bloom_filters_in_scan": 0,
    "num_bloom_filters_in_scan": 0,
    "num_bloom_filters_in_scan": 0,
    "result": "correct",
    "time": 0.086899,
  },
  {
    "name": "benchmark/imdb_parachute/06a.benchmark",
    "iteration": 5,
    "num_bloom_filters_in_scan": 0,
    "num_bloom_filters_in_scan": 0,
    "num_bloom_filters_in_scan": 0,
    "num_bloom_filters_in_scan": 0,
    "num_bloom_filters_in_scan": 0,
    "result": "correct",
    "time": 0.085008,
  },
  {
    "name": "benchmark/imdb_parachute/06e.benchmark",
    "iteration": 0,
    "num_bloom_filters_in_scan": 0,
    "num_bloom_filters_in_scan": 0,
    "num_bloom_filters_in_scan": 0,
    "num_bloom_filters_in_scan": 0,
    "num_bloom_filters_in_scan": 0,
  },
  {
    "name": "benchmark/imdb_parachute/06e.benchmark",
    "iteration": 1,
    "num_bloom_filters_in_scan": 0,
    "num_bloom_filters_in_scan": 0,
    "num_bloom_filters_in_scan": 0,
    "num_bloom_filters_in_scan": 0,
    "num_bloom_filters_in_scan": 0,
    "result": "correct",
    "time": 0.099483,
  },
  {
    "name": "benchmark/imdb_parachute/06e.benchmark",
    "iteration": 2,
    "num_bloom_filters_in_scan": 0,
    "num_bloom_filters_in_scan": 0,
    "num_bloom_filters_in_scan": 0,
    "num_bloom_filters_in_scan": 0,
    "num_bloom_filters_in_scan": 0,
    "result": "correct",
    "time": 0.09969,
  },
  {
    "name": "benchmark/imdb_parachute/06e.benchmark",
    "iteration": 3,
    "num_bloom_filters_in_scan": 0,
    "num_bloom_filters_in_scan": 0,
    "num_bloom_filters_in_scan": 0,
    "num_bloom_filters_in_scan": 0,
    "num_bloom_filters_in_scan": 0,
    "result": "correct",
    "time": 0.098753,
  },
  {
    "name": "benchmark/imdb_parachute/06e.benchmark",
    "iteration": 4,
    "num_bloom_filters_in_scan": 0,
    "num_bloom_filters_in_scan": 0,
    "num_bloom_filters_in_scan": 0,
    "num_bloom_filters_in_scan": 0,
    "num_bloom_filters_in_scan": 0,
    "result": "correct",
    "time": 0.099254,
  },
  {
    "name": "benchmark/imdb_parachute/06e.benchmark",
    "iteration": 5,
    "num_bloom_filters_in_scan": 0,
    "num_bloom_filters_in_scan": 0,
    "num_bloom_filters_in_scan": 0,
    "num_bloom_filters_in_scan": 0,
    "num_bloom_filters_in_scan": 0,
    "result": "correct",
    "time": 0.099546,
  },
  {
    "name": "benchmark/imdb_parachute/07a.benchmark",
    "iteration": 0,
    "num_bloom_filters_in_scan": 0,
    "num_bloom_filters_in_scan": 0,
    "num_bloom_filters_in_scan": 0,
    "num_bloom_filters_in_scan": 0,
    "num_bloom_filters_in_scan": 0,
    "num_bloom_filters_in_scan": 0,
    "num_bloom_filters_in_scan": 0,
    "num_bloom_filters_in_scan": 0,
  },
  {
    "name": "benchmark/imdb_parachute/07a.benchmark",
    "iteration": 1,
    "num_bloom_filters_in_scan": 0,
    "num_bloom_filters_in_scan": 0,
    "num_bloom_filters_in_scan": 0,
    "num_bloom_filters_in_scan": 0,
    "num_bloom_filters_in_scan": 0,
    "num_bloom_filters_in_scan": 0,
    "num_bloom_filters_in_scan": 0,
    "num_bloom_filters_in_scan": 0,
    "result": "correct",
    "time": 0.100777,
  },
  {
    "name": "benchmark/imdb_parachute/07a.benchmark",
    "iteration": 2,
    "num_bloom_filters_in_scan": 0,
    "num_bloom_filters_in_scan": 0,
    "num_bloom_filters_in_scan": 0,
    "num_bloom_filters_in_scan": 0,
    "num_bloom_filters_in_scan": 0,
    "num_bloom_filters_in_scan": 0,
    "num_bloom_filters_in_scan": 0,
    "num_bloom_filters_in_scan": 0,
    "result": "correct",
    "time": 0.105012,
  },
  {
    "name": "benchmark/imdb_parachute/07a.benchmark",
    "iteration": 3,
    "num_bloom_filters_in_scan": 0,
    "num_bloom_filters_in_scan": 0,
    "num_bloom_filters_in_scan": 0,
    "num_bloom_filters_in_scan": 0,
    "num_bloom_filters_in_scan": 0,
    "num_bloom_filters_in_scan": 0,
    "num_bloom_filters_in_scan": 0,
    "num_bloom_filters_in_scan": 0,
    "result": "correct",
    "time": 0.103107,
  },
  {
    "name": "benchmark/imdb_parachute/07a.benchmark",
    "iteration": 4,
    "num_bloom_filters_in_scan": 0,
    "num_bloom_filters_in_scan": 0,
    "num_bloom_filters_in_scan": 0,
    "num_bloom_filters_in_scan": 0,
    "num_bloom_filters_in_scan": 0,
    "num_bloom_filters_in_scan": 0,
    "num_bloom_filters_in_scan": 0,
    "num_bloom_filters_in_scan": 0,
    "result": "correct",
    "time": 0.099341,
  },
  {
    "name": "benchmark/imdb_parachute/07a.benchmark",
    "iteration": 5,
    "num_bloom_filters_in_scan": 0,
    "num_bloom_filters_in_scan": 0,
    "num_bloom_filters_in_scan": 0,
    "num_bloom_filters_in_scan": 0,
    "num_bloom_filters_in_scan": 0,
    "num_bloom_filters_in_scan": 0,
    "num_bloom_filters_in_scan": 0,
    "num_bloom_filters_in_scan": 0,
    "result": "correct",
    "time": 0.101142,
  },
  {
    "name": "benchmark/imdb_parachute/07b.benchmark",
    "iteration": 0,
    "num_bloom_filters_in_scan": 0,
    "num_bloom_filters_in_scan": 0,
    "num_bloom_filters_in_scan": 0,
    "num_bloom_filters_in_scan": 0,
    "num_bloom_filters_in_scan": 0,
    "num_bloom_filters_in_scan": 0,
    "num_bloom_filters_in_scan": 0,
    "num_bloom_filters_in_scan": 0,
  },
  {
    "name": "benchmark/imdb_parachute/07b.benchmark",
    "iteration": 1,
    "num_bloom_filters_in_scan": 0,
    "num_bloom_filters_in_scan": 0,
    "num_bloom_filters_in_scan": 0,
    "num_bloom_filters_in_scan": 0,
    "num_bloom_filters_in_scan": 0,
    "num_bloom_filters_in_scan": 0,
    "num_bloom_filters_in_scan": 0,
    "num_bloom_filters_in_scan": 0,
    "result": "correct",
    "time": 0.028148,
  },
  {
    "name": "benchmark/imdb_parachute/07b.benchmark",
    "iteration": 2,
    "num_bloom_filters_in_scan": 0,
    "num_bloom_filters_in_scan": 0,
    "num_bloom_filters_in_scan": 0,
    "num_bloom_filters_in_scan": 0,
    "num_bloom_filters_in_scan": 0,
    "num_bloom_filters_in_scan": 0,
    "num_bloom_filters_in_scan": 0,
    "num_bloom_filters_in_scan": 0,
    "result": "correct",
    "time": 0.027919,
  },
  {
    "name": "benchmark/imdb_parachute/07b.benchmark",
    "iteration": 3,
    "num_bloom_filters_in_scan": 0,
    "num_bloom_filters_in_scan": 0,
    "num_bloom_filters_in_scan": 0,
    "num_bloom_filters_in_scan": 0,
    "num_bloom_filters_in_scan": 0,
    "num_bloom_filters_in_scan": 0,
    "num_bloom_filters_in_scan": 0,
    "num_bloom_filters_in_scan": 0,
    "result": "correct",
    "time": 0.028875,
  },
  {
    "name": "benchmark/imdb_parachute/07b.benchmark",
    "iteration": 4,
    "num_bloom_filters_in_scan": 0,
    "num_bloom_filters_in_scan": 0,
    "num_bloom_filters_in_scan": 0,
    "num_bloom_filters_in_scan": 0,
    "num_bloom_filters_in_scan": 0,
    "num_bloom_filters_in_scan": 0,
    "num_bloom_filters_in_scan": 0,
    "num_bloom_filters_in_scan": 0,
    "result": "correct",
    "time": 0.026969,
  },
  {
    "name": "benchmark/imdb_parachute/07b.benchmark",
    "iteration": 5,
    "num_bloom_filters_in_scan": 0,
    "num_bloom_filters_in_scan": 0,
    "num_bloom_filters_in_scan": 0,
    "num_bloom_filters_in_scan": 0,
    "num_bloom_filters_in_scan": 0,
    "num_bloom_filters_in_scan": 0,
    "num_bloom_filters_in_scan": 0,
    "num_bloom_filters_in_scan": 0,
    "result": "correct",
    "time": 0.028265,
  },
  {
    "name": "benchmark/imdb_parachute/07c.benchmark",
    "iteration": 0,
    "num_bloom_filters_in_scan": 0,
    "num_bloom_filters_in_scan": 0,
    "num_bloom_filters_in_scan": 0,
    "num_bloom_filters_in_scan": 0,
    "num_bloom_filters_in_scan": 0,
    "num_bloom_filters_in_scan": 0,
    "num_bloom_filters_in_scan": 0,
    "num_bloom_filters_in_scan": 0,
  },
  {
    "name": "benchmark/imdb_parachute/07c.benchmark",
    "iteration": 1,
    "num_bloom_filters_in_scan": 0,
    "num_bloom_filters_in_scan": 0,
    "num_bloom_filters_in_scan": 0,
    "num_bloom_filters_in_scan": 0,
    "num_bloom_filters_in_scan": 0,
    "num_bloom_filters_in_scan": 0,
    "num_bloom_filters_in_scan": 0,
    "num_bloom_filters_in_scan": 0,
    "result": "correct",
    "time": 0.48359,
  },
  {
    "name": "benchmark/imdb_parachute/07c.benchmark",
    "iteration": 2,
    "num_bloom_filters_in_scan": 0,
    "num_bloom_filters_in_scan": 0,
    "num_bloom_filters_in_scan": 0,
    "num_bloom_filters_in_scan": 0,
    "num_bloom_filters_in_scan": 0,
    "num_bloom_filters_in_scan": 0,
    "num_bloom_filters_in_scan": 0,
    "num_bloom_filters_in_scan": 0,
    "result": "correct",
    "time": 0.476519,
  },
  {
    "name": "benchmark/imdb_parachute/07c.benchmark",
    "iteration": 3,
    "num_bloom_filters_in_scan": 0,
    "num_bloom_filters_in_scan": 0,
    "num_bloom_filters_in_scan": 0,
    "num_bloom_filters_in_scan": 0,
    "num_bloom_filters_in_scan": 0,
    "num_bloom_filters_in_scan": 0,
    "num_bloom_filters_in_scan": 0,
    "num_bloom_filters_in_scan": 0,
    "result": "correct",
    "time": 0.450559,
  },
  {
    "name": "benchmark/imdb_parachute/07c.benchmark",
    "iteration": 4,
    "num_bloom_filters_in_scan": 0,
    "num_bloom_filters_in_scan": 0,
    "num_bloom_filters_in_scan": 0,
    "num_bloom_filters_in_scan": 0,
    "num_bloom_filters_in_scan": 0,
    "num_bloom_filters_in_scan": 0,
    "num_bloom_filters_in_scan": 0,
    "num_bloom_filters_in_scan": 0,
    "result": "correct",
    "time": 0.488313,
  },
  {
    "name": "benchmark/imdb_parachute/07c.benchmark",
    "iteration": 5,
    "num_bloom_filters_in_scan": 0,
    "num_bloom_filters_in_scan": 0,
    "num_bloom_filters_in_scan": 0,
    "num_bloom_filters_in_scan": 0,
    "num_bloom_filters_in_scan": 0,
    "num_bloom_filters_in_scan": 0,
    "num_bloom_filters_in_scan": 0,
    "num_bloom_filters_in_scan": 0,
    "result": "correct",
    "time": 0.408247,
  },
  {
    "name": "benchmark/imdb_parachute/08a.benchmark",
    "iteration": 0,
    "num_bloom_filters_in_scan": 0,
    "num_bloom_filters_in_scan": 0,
    "num_bloom_filters_in_scan": 0,
    "num_bloom_filters_in_scan": 0,
    "num_bloom_filters_in_scan": 0,
    "num_bloom_filters_in_scan": 0,
    "num_bloom_filters_in_scan": 0,
  },
  {
    "name": "benchmark/imdb_parachute/08a.benchmark",
    "iteration": 1,
    "num_bloom_filters_in_scan": 0,
    "num_bloom_filters_in_scan": 0,
    "num_bloom_filters_in_scan": 0,
    "num_bloom_filters_in_scan": 0,
    "num_bloom_filters_in_scan": 0,
    "num_bloom_filters_in_scan": 0,
    "num_bloom_filters_in_scan": 0,
    "result": "correct",
    "time": 0.254812,
  },
  {
    "name": "benchmark/imdb_parachute/08a.benchmark",
    "iteration": 2,
    "num_bloom_filters_in_scan": 0,
    "num_bloom_filters_in_scan": 0,
    "num_bloom_filters_in_scan": 0,
    "num_bloom_filters_in_scan": 0,
    "num_bloom_filters_in_scan": 0,
    "num_bloom_filters_in_scan": 0,
    "num_bloom_filters_in_scan": 0,
    "result": "correct",
    "time": 0.196023,
  },
  {
    "name": "benchmark/imdb_parachute/08a.benchmark",
    "iteration": 3,
    "num_bloom_filters_in_scan": 0,
    "num_bloom_filters_in_scan": 0,
    "num_bloom_filters_in_scan": 0,
    "num_bloom_filters_in_scan": 0,
    "num_bloom_filters_in_scan": 0,
    "num_bloom_filters_in_scan": 0,
    "num_bloom_filters_in_scan": 0,
    "result": "correct",
    "time": 0.198859,
  },
  {
    "name": "benchmark/imdb_parachute/08a.benchmark",
    "iteration": 4,
    "num_bloom_filters_in_scan": 0,
    "num_bloom_filters_in_scan": 0,
    "num_bloom_filters_in_scan": 0,
    "num_bloom_filters_in_scan": 0,
    "num_bloom_filters_in_scan": 0,
    "num_bloom_filters_in_scan": 0,
    "num_bloom_filters_in_scan": 0,
    "result": "correct",
    "time": 0.195039,
  },
  {
    "name": "benchmark/imdb_parachute/08a.benchmark",
    "iteration": 5,
    "num_bloom_filters_in_scan": 0,
    "num_bloom_filters_in_scan": 0,
    "num_bloom_filters_in_scan": 0,
    "num_bloom_filters_in_scan": 0,
    "num_bloom_filters_in_scan": 0,
    "num_bloom_filters_in_scan": 0,
    "num_bloom_filters_in_scan": 0,
    "result": "correct",
    "time": 0.195412,
  },
  {
    "name": "benchmark/imdb_parachute/08b.benchmark",
    "iteration": 0,
    "num_bloom_filters_in_scan": 0,
    "num_bloom_filters_in_scan": 0,
    "num_bloom_filters_in_scan": 0,
    "num_bloom_filters_in_scan": 0,
    "num_bloom_filters_in_scan": 0,
    "num_bloom_filters_in_scan": 0,
    "num_bloom_filters_in_scan": 0,
  },
  {
    "name": "benchmark/imdb_parachute/08b.benchmark",
    "iteration": 1,
    "num_bloom_filters_in_scan": 0,
    "num_bloom_filters_in_scan": 0,
    "num_bloom_filters_in_scan": 0,
    "num_bloom_filters_in_scan": 0,
    "num_bloom_filters_in_scan": 0,
    "num_bloom_filters_in_scan": 0,
    "num_bloom_filters_in_scan": 0,
    "result": "correct",
    "time": 0.180535,
  },
  {
    "name": "benchmark/imdb_parachute/08b.benchmark",
    "iteration": 2,
    "num_bloom_filters_in_scan": 0,
    "num_bloom_filters_in_scan": 0,
    "num_bloom_filters_in_scan": 0,
    "num_bloom_filters_in_scan": 0,
    "num_bloom_filters_in_scan": 0,
    "num_bloom_filters_in_scan": 0,
    "num_bloom_filters_in_scan": 0,
    "result": "correct",
    "time": 0.197596,
  },
  {
    "name": "benchmark/imdb_parachute/08b.benchmark",
    "iteration": 3,
    "num_bloom_filters_in_scan": 0,
    "num_bloom_filters_in_scan": 0,
    "num_bloom_filters_in_scan": 0,
    "num_bloom_filters_in_scan": 0,
    "num_bloom_filters_in_scan": 0,
    "num_bloom_filters_in_scan": 0,
    "num_bloom_filters_in_scan": 0,
    "result": "correct",
    "time": 0.174675,
  },
  {
    "name": "benchmark/imdb_parachute/08b.benchmark",
    "iteration": 4,
    "num_bloom_filters_in_scan": 0,
    "num_bloom_filters_in_scan": 0,
    "num_bloom_filters_in_scan": 0,
    "num_bloom_filters_in_scan": 0,
    "num_bloom_filters_in_scan": 0,
    "num_bloom_filters_in_scan": 0,
    "num_bloom_filters_in_scan": 0,
    "result": "correct",
    "time": 0.197995,
  },
  {
    "name": "benchmark/imdb_parachute/08b.benchmark",
    "iteration": 5,
    "num_bloom_filters_in_scan": 0,
    "num_bloom_filters_in_scan": 0,
    "num_bloom_filters_in_scan": 0,
    "num_bloom_filters_in_scan": 0,
    "num_bloom_filters_in_scan": 0,
    "num_bloom_filters_in_scan": 0,
    "num_bloom_filters_in_scan": 0,
    "result": "correct",
    "time": 0.182233,
  },
  {
    "name": "benchmark/imdb_parachute/09a.benchmark",
    "iteration": 0,
    "num_bloom_filters_in_scan": 0,
    "num_bloom_filters_in_scan": 0,
    "num_bloom_filters_in_scan": 0,
    "num_bloom_filters_in_scan": 0,
    "num_bloom_filters_in_scan": 0,
    "num_bloom_filters_in_scan": 0,
    "num_bloom_filters_in_scan": 0,
    "num_bloom_filters_in_scan": 0,
  },
  {
    "name": "benchmark/imdb_parachute/09a.benchmark",
    "iteration": 1,
    "num_bloom_filters_in_scan": 0,
    "num_bloom_filters_in_scan": 0,
    "num_bloom_filters_in_scan": 0,
    "num_bloom_filters_in_scan": 0,
    "num_bloom_filters_in_scan": 0,
    "num_bloom_filters_in_scan": 0,
    "num_bloom_filters_in_scan": 0,
    "num_bloom_filters_in_scan": 0,
    "result": "correct",
    "time": 0.178427,
  },
  {
    "name": "benchmark/imdb_parachute/09a.benchmark",
    "iteration": 2,
    "num_bloom_filters_in_scan": 0,
    "num_bloom_filters_in_scan": 0,
    "num_bloom_filters_in_scan": 0,
    "num_bloom_filters_in_scan": 0,
    "num_bloom_filters_in_scan": 0,
    "num_bloom_filters_in_scan": 0,
    "num_bloom_filters_in_scan": 0,
    "num_bloom_filters_in_scan": 0,
    "result": "correct",
    "time": 0.180348,
  },
  {
    "name": "benchmark/imdb_parachute/09a.benchmark",
    "iteration": 3,
    "num_bloom_filters_in_scan": 0,
    "num_bloom_filters_in_scan": 0,
    "num_bloom_filters_in_scan": 0,
    "num_bloom_filters_in_scan": 0,
    "num_bloom_filters_in_scan": 0,
    "num_bloom_filters_in_scan": 0,
    "num_bloom_filters_in_scan": 0,
    "num_bloom_filters_in_scan": 0,
    "result": "correct",
    "time": 0.181954,
  },
  {
    "name": "benchmark/imdb_parachute/09a.benchmark",
    "iteration": 4,
    "num_bloom_filters_in_scan": 0,
    "num_bloom_filters_in_scan": 0,
    "num_bloom_filters_in_scan": 0,
    "num_bloom_filters_in_scan": 0,
    "num_bloom_filters_in_scan": 0,
    "num_bloom_filters_in_scan": 0,
    "num_bloom_filters_in_scan": 0,
    "num_bloom_filters_in_scan": 0,
    "result": "correct",
    "time": 0.178767,
  },
  {
    "name": "benchmark/imdb_parachute/09a.benchmark",
    "iteration": 5,
    "num_bloom_filters_in_scan": 0,
    "num_bloom_filters_in_scan": 0,
    "num_bloom_filters_in_scan": 0,
    "num_bloom_filters_in_scan": 0,
    "num_bloom_filters_in_scan": 0,
    "num_bloom_filters_in_scan": 0,
    "num_bloom_filters_in_scan": 0,
    "num_bloom_filters_in_scan": 0,
    "result": "correct",
    "time": 0.178219,
  },
  {
    "name": "benchmark/imdb_parachute/09b.benchmark",
    "iteration": 0,
    "num_bloom_filters_in_scan": 0,
    "num_bloom_filters_in_scan": 0,
    "num_bloom_filters_in_scan": 0,
    "num_bloom_filters_in_scan": 0,
    "num_bloom_filters_in_scan": 0,
    "num_bloom_filters_in_scan": 0,
    "num_bloom_filters_in_scan": 0,
    "num_bloom_filters_in_scan": 0,
  },
  {
    "name": "benchmark/imdb_parachute/09b.benchmark",
    "iteration": 1,
    "num_bloom_filters_in_scan": 0,
    "num_bloom_filters_in_scan": 0,
    "num_bloom_filters_in_scan": 0,
    "num_bloom_filters_in_scan": 0,
    "num_bloom_filters_in_scan": 0,
    "num_bloom_filters_in_scan": 0,
    "num_bloom_filters_in_scan": 0,
    "num_bloom_filters_in_scan": 0,
    "result": "correct",
    "time": 0.346086,
  },
  {
    "name": "benchmark/imdb_parachute/09b.benchmark",
    "iteration": 2,
    "num_bloom_filters_in_scan": 0,
    "num_bloom_filters_in_scan": 0,
    "num_bloom_filters_in_scan": 0,
    "num_bloom_filters_in_scan": 0,
    "num_bloom_filters_in_scan": 0,
    "num_bloom_filters_in_scan": 0,
    "num_bloom_filters_in_scan": 0,
    "num_bloom_filters_in_scan": 0,
    "result": "correct",
    "time": 0.342368,
  },
  {
    "name": "benchmark/imdb_parachute/09b.benchmark",
    "iteration": 3,
    "num_bloom_filters_in_scan": 0,
    "num_bloom_filters_in_scan": 0,
    "num_bloom_filters_in_scan": 0,
    "num_bloom_filters_in_scan": 0,
    "num_bloom_filters_in_scan": 0,
    "num_bloom_filters_in_scan": 0,
    "num_bloom_filters_in_scan": 0,
    "num_bloom_filters_in_scan": 0,
    "result": "correct",
    "time": 0.33796,
  },
  {
    "name": "benchmark/imdb_parachute/09b.benchmark",
    "iteration": 4,
    "num_bloom_filters_in_scan": 0,
    "num_bloom_filters_in_scan": 0,
    "num_bloom_filters_in_scan": 0,
    "num_bloom_filters_in_scan": 0,
    "num_bloom_filters_in_scan": 0,
    "num_bloom_filters_in_scan": 0,
    "num_bloom_filters_in_scan": 0,
    "num_bloom_filters_in_scan": 0,
    "result": "correct",
    "time": 0.34107,
  },
  {
    "name": "benchmark/imdb_parachute/09b.benchmark",
    "iteration": 5,
    "num_bloom_filters_in_scan": 0,
    "num_bloom_filters_in_scan": 0,
    "num_bloom_filters_in_scan": 0,
    "num_bloom_filters_in_scan": 0,
    "num_bloom_filters_in_scan": 0,
    "num_bloom_filters_in_scan": 0,
    "num_bloom_filters_in_scan": 0,
    "num_bloom_filters_in_scan": 0,
    "result": "correct",
    "time": 0.347251,
  },
  {
    "name": "benchmark/imdb_parachute/09c.benchmark",
    "iteration": 0,
    "num_bloom_filters_in_scan": 0,
    "num_bloom_filters_in_scan": 0,
    "num_bloom_filters_in_scan": 0,
    "num_bloom_filters_in_scan": 0,
    "num_bloom_filters_in_scan": 0,
    "num_bloom_filters_in_scan": 0,
    "num_bloom_filters_in_scan": 0,
    "num_bloom_filters_in_scan": 0,
  },
  {
    "name": "benchmark/imdb_parachute/09c.benchmark",
    "iteration": 1,
    "num_bloom_filters_in_scan": 0,
    "num_bloom_filters_in_scan": 0,
    "num_bloom_filters_in_scan": 0,
    "num_bloom_filters_in_scan": 0,
    "num_bloom_filters_in_scan": 0,
    "num_bloom_filters_in_scan": 0,
    "num_bloom_filters_in_scan": 0,
    "num_bloom_filters_in_scan": 0,
    "result": "correct",
    "time": 0.196993,
  },
  {
    "name": "benchmark/imdb_parachute/09c.benchmark",
    "iteration": 2,
    "num_bloom_filters_in_scan": 0,
    "num_bloom_filters_in_scan": 0,
    "num_bloom_filters_in_scan": 0,
    "num_bloom_filters_in_scan": 0,
    "num_bloom_filters_in_scan": 0,
    "num_bloom_filters_in_scan": 0,
    "num_bloom_filters_in_scan": 0,
    "num_bloom_filters_in_scan": 0,
    "result": "correct",
    "time": 0.19451,
  },
  {
    "name": "benchmark/imdb_parachute/09c.benchmark",
    "iteration": 3,
    "num_bloom_filters_in_scan": 0,
    "num_bloom_filters_in_scan": 0,
    "num_bloom_filters_in_scan": 0,
    "num_bloom_filters_in_scan": 0,
    "num_bloom_filters_in_scan": 0,
    "num_bloom_filters_in_scan": 0,
    "num_bloom_filters_in_scan": 0,
    "num_bloom_filters_in_scan": 0,
    "result": "correct",
    "time": 0.192193,
  },
  {
    "name": "benchmark/imdb_parachute/09c.benchmark",
    "iteration": 4,
    "num_bloom_filters_in_scan": 0,
    "num_bloom_filters_in_scan": 0,
    "num_bloom_filters_in_scan": 0,
    "num_bloom_filters_in_scan": 0,
    "num_bloom_filters_in_scan": 0,
    "num_bloom_filters_in_scan": 0,
    "num_bloom_filters_in_scan": 0,
    "num_bloom_filters_in_scan": 0,
    "result": "correct",
    "time": 0.196333,
  },
  {
    "name": "benchmark/imdb_parachute/09c.benchmark",
    "iteration": 5,
    "num_bloom_filters_in_scan": 0,
    "num_bloom_filters_in_scan": 0,
    "num_bloom_filters_in_scan": 0,
    "num_bloom_filters_in_scan": 0,
    "num_bloom_filters_in_scan": 0,
    "num_bloom_filters_in_scan": 0,
    "num_bloom_filters_in_scan": 0,
    "num_bloom_filters_in_scan": 0,
    "result": "correct",
    "time": 0.195951,
  },
  {
    "name": "benchmark/imdb_parachute/09d.benchmark",
    "iteration": 0,
    "num_bloom_filters_in_scan": 0,
    "num_bloom_filters_in_scan": 0,
    "num_bloom_filters_in_scan": 0,
    "num_bloom_filters_in_scan": 0,
    "num_bloom_filters_in_scan": 0,
    "num_bloom_filters_in_scan": 0,
    "num_bloom_filters_in_scan": 0,
    "num_bloom_filters_in_scan": 0,
  },
  {
    "name": "benchmark/imdb_parachute/09d.benchmark",
    "iteration": 1,
    "num_bloom_filters_in_scan": 0,
    "num_bloom_filters_in_scan": 0,
    "num_bloom_filters_in_scan": 0,
    "num_bloom_filters_in_scan": 0,
    "num_bloom_filters_in_scan": 0,
    "num_bloom_filters_in_scan": 0,
    "num_bloom_filters_in_scan": 0,
    "num_bloom_filters_in_scan": 0,
    "result": "correct",
    "time": 0.36314,
  },
  {
    "name": "benchmark/imdb_parachute/09d.benchmark",
    "iteration": 2,
    "num_bloom_filters_in_scan": 0,
    "num_bloom_filters_in_scan": 0,
    "num_bloom_filters_in_scan": 0,
    "num_bloom_filters_in_scan": 0,
    "num_bloom_filters_in_scan": 0,
    "num_bloom_filters_in_scan": 0,
    "num_bloom_filters_in_scan": 0,
    "num_bloom_filters_in_scan": 0,
    "result": "correct",
    "time": 0.362955,
  },
  {
    "name": "benchmark/imdb_parachute/09d.benchmark",
    "iteration": 3,
    "num_bloom_filters_in_scan": 0,
    "num_bloom_filters_in_scan": 0,
    "num_bloom_filters_in_scan": 0,
    "num_bloom_filters_in_scan": 0,
    "num_bloom_filters_in_scan": 0,
    "num_bloom_filters_in_scan": 0,
    "num_bloom_filters_in_scan": 0,
    "num_bloom_filters_in_scan": 0,
    "result": "correct",
    "time": 0.353383,
  },
  {
    "name": "benchmark/imdb_parachute/09d.benchmark",
    "iteration": 4,
    "num_bloom_filters_in_scan": 0,
    "num_bloom_filters_in_scan": 0,
    "num_bloom_filters_in_scan": 0,
    "num_bloom_filters_in_scan": 0,
    "num_bloom_filters_in_scan": 0,
    "num_bloom_filters_in_scan": 0,
    "num_bloom_filters_in_scan": 0,
    "num_bloom_filters_in_scan": 0,
    "result": "correct",
    "time": 0.350676,
  },
  {
    "name": "benchmark/imdb_parachute/09d.benchmark",
    "iteration": 5,
    "num_bloom_filters_in_scan": 0,
    "num_bloom_filters_in_scan": 0,
    "num_bloom_filters_in_scan": 0,
    "num_bloom_filters_in_scan": 0,
    "num_bloom_filters_in_scan": 0,
    "num_bloom_filters_in_scan": 0,
    "num_bloom_filters_in_scan": 0,
    "num_bloom_filters_in_scan": 0,
    "result": "correct",
    "time": 0.355435,
  },
]
